Archive member included to satisfy reference by file (symbol)

/home/ryan/st/stm32cubeide_1.18.0/plugins/com.st.stm32cube.ide.mcu.externaltools.gnu-tools-for-stm32.13.3.rel1.linux64_1.0.0.202410170706/tools/bin/../lib/gcc/arm-none-eabi/13.3.1/../../../../arm-none-eabi/lib/thumb/v7e-m+fp/hard/libc_nano.a(libc_a-exit.o)
                              /home/ryan/st/stm32cubeide_1.18.0/plugins/com.st.stm32cube.ide.mcu.externaltools.gnu-tools-for-stm32.13.3.rel1.linux64_1.0.0.202410170706/tools/bin/../lib/gcc/arm-none-eabi/13.3.1/../../../../arm-none-eabi/lib/thumb/v7e-m+fp/hard/crt0.o (exit)
/home/ryan/st/stm32cubeide_1.18.0/plugins/com.st.stm32cube.ide.mcu.externaltools.gnu-tools-for-stm32.13.3.rel1.linux64_1.0.0.202410170706/tools/bin/../lib/gcc/arm-none-eabi/13.3.1/../../../../arm-none-eabi/lib/thumb/v7e-m+fp/hard/libc_nano.a(libc_a-findfp.o)
                              /home/ryan/st/stm32cubeide_1.18.0/plugins/com.st.stm32cube.ide.mcu.externaltools.gnu-tools-for-stm32.13.3.rel1.linux64_1.0.0.202410170706/tools/bin/../lib/gcc/arm-none-eabi/13.3.1/../../../../arm-none-eabi/lib/thumb/v7e-m+fp/hard/libc_nano.a(libc_a-exit.o) (__stdio_exit_handler)
/home/ryan/st/stm32cubeide_1.18.0/plugins/com.st.stm32cube.ide.mcu.externaltools.gnu-tools-for-stm32.13.3.rel1.linux64_1.0.0.202410170706/tools/bin/../lib/gcc/arm-none-eabi/13.3.1/../../../../arm-none-eabi/lib/thumb/v7e-m+fp/hard/libc_nano.a(libc_a-fwalk.o)
                              /home/ryan/st/stm32cubeide_1.18.0/plugins/com.st.stm32cube.ide.mcu.externaltools.gnu-tools-for-stm32.13.3.rel1.linux64_1.0.0.202410170706/tools/bin/../lib/gcc/arm-none-eabi/13.3.1/../../../../arm-none-eabi/lib/thumb/v7e-m+fp/hard/libc_nano.a(libc_a-findfp.o) (_fwalk_sglue)
/home/ryan/st/stm32cubeide_1.18.0/plugins/com.st.stm32cube.ide.mcu.externaltools.gnu-tools-for-stm32.13.3.rel1.linux64_1.0.0.202410170706/tools/bin/../lib/gcc/arm-none-eabi/13.3.1/../../../../arm-none-eabi/lib/thumb/v7e-m+fp/hard/libc_nano.a(libc_a-stdio.o)
                              /home/ryan/st/stm32cubeide_1.18.0/plugins/com.st.stm32cube.ide.mcu.externaltools.gnu-tools-for-stm32.13.3.rel1.linux64_1.0.0.202410170706/tools/bin/../lib/gcc/arm-none-eabi/13.3.1/../../../../arm-none-eabi/lib/thumb/v7e-m+fp/hard/libc_nano.a(libc_a-findfp.o) (__sread)
/home/ryan/st/stm32cubeide_1.18.0/plugins/com.st.stm32cube.ide.mcu.externaltools.gnu-tools-for-stm32.13.3.rel1.linux64_1.0.0.202410170706/tools/bin/../lib/gcc/arm-none-eabi/13.3.1/../../../../arm-none-eabi/lib/thumb/v7e-m+fp/hard/libc_nano.a(libc_a-memset.o)
                              /home/ryan/st/stm32cubeide_1.18.0/plugins/com.st.stm32cube.ide.mcu.externaltools.gnu-tools-for-stm32.13.3.rel1.linux64_1.0.0.202410170706/tools/bin/../lib/gcc/arm-none-eabi/13.3.1/../../../../arm-none-eabi/lib/thumb/v7e-m+fp/hard/crt0.o (memset)
/home/ryan/st/stm32cubeide_1.18.0/plugins/com.st.stm32cube.ide.mcu.externaltools.gnu-tools-for-stm32.13.3.rel1.linux64_1.0.0.202410170706/tools/bin/../lib/gcc/arm-none-eabi/13.3.1/../../../../arm-none-eabi/lib/thumb/v7e-m+fp/hard/libc_nano.a(libc_a-closer.o)
                              /home/ryan/st/stm32cubeide_1.18.0/plugins/com.st.stm32cube.ide.mcu.externaltools.gnu-tools-for-stm32.13.3.rel1.linux64_1.0.0.202410170706/tools/bin/../lib/gcc/arm-none-eabi/13.3.1/../../../../arm-none-eabi/lib/thumb/v7e-m+fp/hard/libc_nano.a(libc_a-stdio.o) (_close_r)
/home/ryan/st/stm32cubeide_1.18.0/plugins/com.st.stm32cube.ide.mcu.externaltools.gnu-tools-for-stm32.13.3.rel1.linux64_1.0.0.202410170706/tools/bin/../lib/gcc/arm-none-eabi/13.3.1/../../../../arm-none-eabi/lib/thumb/v7e-m+fp/hard/libc_nano.a(libc_a-reent.o)
                              /home/ryan/st/stm32cubeide_1.18.0/plugins/com.st.stm32cube.ide.mcu.externaltools.gnu-tools-for-stm32.13.3.rel1.linux64_1.0.0.202410170706/tools/bin/../lib/gcc/arm-none-eabi/13.3.1/../../../../arm-none-eabi/lib/thumb/v7e-m+fp/hard/libc_nano.a(libc_a-closer.o) (errno)
/home/ryan/st/stm32cubeide_1.18.0/plugins/com.st.stm32cube.ide.mcu.externaltools.gnu-tools-for-stm32.13.3.rel1.linux64_1.0.0.202410170706/tools/bin/../lib/gcc/arm-none-eabi/13.3.1/../../../../arm-none-eabi/lib/thumb/v7e-m+fp/hard/libc_nano.a(libc_a-impure.o)
                              /home/ryan/st/stm32cubeide_1.18.0/plugins/com.st.stm32cube.ide.mcu.externaltools.gnu-tools-for-stm32.13.3.rel1.linux64_1.0.0.202410170706/tools/bin/../lib/gcc/arm-none-eabi/13.3.1/../../../../arm-none-eabi/lib/thumb/v7e-m+fp/hard/libc_nano.a(libc_a-reent.o) (_impure_ptr)
/home/ryan/st/stm32cubeide_1.18.0/plugins/com.st.stm32cube.ide.mcu.externaltools.gnu-tools-for-stm32.13.3.rel1.linux64_1.0.0.202410170706/tools/bin/../lib/gcc/arm-none-eabi/13.3.1/../../../../arm-none-eabi/lib/thumb/v7e-m+fp/hard/libc_nano.a(libc_a-lseekr.o)
[...]
Memory Configuration

Name             Origin             Length             Attributes
RAM              0x20000000         0x00050000         xrw
RAM2             0x10000000         0x00010000         xrw
FLASH            0x08000000         0x00100000         xr
*default*        0x00000000         0xffffffff

Linker script and memory map

LOAD /home/ryan/st/stm32cubeide_1.18.0/plugins/com.st.stm32cube.ide.mcu.externaltools.gnu-tools-for-stm32.13.3.rel1.linux64_1.0.0.202410170706/tools/bin/../lib/gcc/arm-none-eabi/13.3.1/thumb/v7e-m+fp/hard/crti.o
LOAD /home/ryan/st/stm32cubeide_1.18.0/plugins/com.st.stm32cube.ide.mcu.externaltools.gnu-tools-for-stm32.13.3.rel1.linux64_1.0.0.202410170706/tools/bin/../lib/gcc/arm-none-eabi/13.3.1/thumb/v7e-m+fp/hard/crtbegin.o
LOAD /home/ryan/st/stm32cubeide_1.18.0/plugins/com.st.stm32cube.ide.mcu.externaltools.gnu-tools-for-stm32.13.3.rel1.linux64_1.0.0.202410170706/tools/bin/../lib/gcc/arm-none-eabi/13.3.1/../../../../arm-none-eabi/lib/thumb/v7e-m+fp/hard/crt0.o
LOAD ./Core/Src/common.o
LOAD ./Core/Src/flash_if.o
LOAD ./Core/Src/main.o
LOAD ./Core/Src/menu.o
LOAD ./Core/Src/stm32l4xx_hal_msp.o
LOAD ./Core/Src/stm32l4xx_it.o
LOAD ./Core/Src/syscalls.o
LOAD ./Core/Src/sysmem.o
LOAD ./Core/Src/system_stm32l4xx.o
LOAD ./Core/Src/ymodem.o
LOAD ./Core/Startup/startup_stm32l4a6zgtx.o
LOAD ./Drivers/STM32L4xx_HAL_Driver/Src/stm32l4xx_hal.o
LOAD ./Drivers/STM32L4xx_HAL_Driver/Src/stm32l4xx_hal_cortex.o
LOAD ./Drivers/STM32L4xx_HAL_Driver/Src/stm32l4xx_hal_crc.o
LOAD ./Drivers/STM32L4xx_HAL_Driver/Src/stm32l4xx_hal_crc_ex.o
LOAD ./Drivers/STM32L4xx_HAL_Driver/Src/stm32l4xx_hal_dma.o
LOAD ./Drivers/STM32L4xx_HAL_Driver/Src/stm32l4xx_hal_dma_ex.o
LOAD ./Drivers/STM32L4xx_HAL_Driver/Src/stm32l4xx_hal_exti.o
LOAD ./Drivers/STM32L4xx_HAL_Driver/Src/stm32l4xx_hal_flash.o
LOAD ./Drivers/STM32L4xx_HAL_Driver/Src/stm32l4xx_hal_flash_ex.o
LOAD ./Drivers/STM32L4xx_HAL_Driver/Src/stm32l4xx_hal_flash_ramfunc.o
LOAD ./Drivers/STM32L4xx_HAL_Driver/Src/stm32l4xx_hal_gpio.o
LOAD ./Drivers/STM32L4xx_HAL_Driver/Src/stm32l4xx_hal_i2c.o
LOAD ./Drivers/STM32L4xx_HAL_Driver/Src/stm32l4xx_hal_i2c_ex.o
LOAD ./Drivers/STM32L4xx_HAL_Driver/Src/stm32l4xx_hal_pwr.o
LOAD ./Drivers/STM32L4xx_HAL_Driver/Src/stm32l4xx_hal_pwr_ex.o
LOAD ./Drivers/STM32L4xx_HAL_Driver/Src/stm32l4xx_hal_rcc.o
LOAD ./Drivers/STM32L4xx_HAL_Driver/Src/stm32l4xx_hal_rcc_ex.o
LOAD ./Drivers/STM32L4xx_HAL_Driver/Src/stm32l4xx_hal_tim.o
LOAD ./Drivers/STM32L4xx_HAL_Driver/Src/stm32l4xx_hal_tim_ex.o
LOAD ./Drivers/STM32L4xx_HAL_Driver/Src/stm32l4xx_hal_uart.o
LOAD ./Drivers/STM32L4xx_HAL_Driver/Src/stm32l4xx_hal_uart_ex.o
START GROUP
LOAD /home/ryan/st/stm32cubeide_1.18.0/plugins/com.st.stm32cube.ide.mcu.externaltools.gnu-tools-for-stm32.13.3.rel1.linux64_1.0.0.202410170706/tools/bin/../lib/gcc/arm-none-eabi/13.3.1/../../../../arm-none-eabi/lib/thumb/v7e-m+fp/hard/libc_nano.a
LOAD /home/ryan/st/stm32cubeide_1.18.0/plugins/com.st.stm32cube.ide.mcu.externaltools.gnu-tools-for-stm32.13.3.rel1.linux64_1.0.0.202410170706/tools/bin/../lib/gcc/arm-none-eabi/13.3.1/../../../../arm-none-eabi/lib/thumb/v7e-m+fp/hard/libm.a
END GROUP
START GROUP
LOAD /home/ryan/st/stm32cubeide_1.18.0/plugins/com.st.stm32cube.ide.mcu.externaltools.gnu-tools-for-stm32.13.3.rel1.linux64_1.0.0.202410170706/tools/bin/../lib/gcc/arm-none-eabi/13.3.1/thumb/v7e-m+fp/hard/libgcc.a
LOAD /home/ryan/st/stm32cubeide_1.18.0/plugins/com.st.stm32cube.ide.mcu.externaltools.gnu-tools-for-stm32.13.3.rel1.linux64_1.0.0.202410170706/tools/bin/../lib/gcc/arm-none-eabi/13.3.1/../../../../arm-none-eabi/lib/thumb/v7e-m+fp/hard/libc_nano.a
END GROUP
START GROUP
LOAD /home/ryan/st/stm32cubeide_1.18.0/plugins/com.st.stm32cube.ide.mcu.externaltools.gnu-tools-for-stm32.13.3.rel1.linux64_1.0.0.202410170706/tools/bin/../lib/gcc/arm-none-eabi/13.3.1/thumb/v7e-m+fp/hard/libgcc.a
LOAD /home/ryan/st/stm32cubeide_1.18.0/plugins/com.st.stm32cube.ide.mcu.externaltools.gnu-tools-for-stm32.13.3.rel1.linux64_1.0.0.202410170706/tools/bin/../lib/gcc/arm-none-eabi/13.3.1/../../../../arm-none-eabi/lib/thumb/v7e-m+fp/hard/libc_nano.a
LOAD /home/ryan/st/stm32cubeide_1.18.0/plugins/com.st.stm32cube.ide.mcu.externaltools.gnu-tools-for-stm32.13.3.rel1.linux64_1.0.0.202410170706/tools/bin/../lib/gcc/arm-none-eabi/13.3.1/../../../../arm-none-eabi/lib/thumb/v7e-m+fp/hard/libnosys.a
END GROUP
START GROUP
LOAD /home/ryan/st/stm32cubeide_1.18.0/plugins/com.st.stm32cube.ide.mcu.externaltools.gnu-tools-for-stm32.13.3.rel1.linux64_1.0.0.202410170706/tools/bin/../lib/gcc/arm-none-eabi/13.3.1/thumb/v7e-m+fp/hard/libgcc.a
LOAD /home/ryan/st/stm32cubeide_1.18.0/plugins/com.st.stm32cube.ide.mcu.externaltools.gnu-tools-for-stm32.13.3.rel1.linux64_1.0.0.202410170706/tools/bin/../lib/gcc/arm-none-eabi/13.3.1/../../../../arm-none-eabi/lib/thumb/v7e-m+fp/hard/libc_nano.a
LOAD /home/ryan/st/stm32cubeide_1.18.0/plugins/com.st.stm32cube.ide.mcu.externaltools.gnu-tools-for-stm32.13.3.rel1.linux64_1.0.0.202410170706/tools/bin/../lib/gcc/arm-none-eabi/13.3.1/../../../../arm-none-eabi/lib/thumb/v7e-m+fp/hard/libnosys.a
END GROUP
LOAD /home/ryan/st/stm32cubeide_1.18.0/plugins/com.st.stm32cube.ide.mcu.externaltools.gnu-tools-for-stm32.13.3.rel1.linux64_1.0.0.202410170706/tools/bin/../lib/gcc/arm-none-eabi/13.3.1/thumb/v7e-m+fp/hard/crtend.o
LOAD /home/ryan/st/stm32cubeide_1.18.0/plugins/com.st.stm32cube.ide.mcu.externaltools.gnu-tools-for-stm32.13.3.rel1.linux64_1.0.0.202410170706/tools/bin/../lib/gcc/arm-none-eabi/13.3.1/thumb/v7e-m+fp/hard/crtn.o
                0x20050000                        _estack = (ORIGIN (RAM) + LENGTH (RAM))
                0x00000200                        _Min_Heap_Size = 0x200
                0x00000400                        _Min_Stack_Size = 0x400

.isr_vector     0x08000000      0x1ac
                0x08000000                        . = ALIGN (0x4)
 *(.isr_vector)
 .isr_vector    0x08000000      0x1ac ./Core/Startup/startup_stm32l4a6zgtx.o
                0x08000000                g_pfnVectors
                0x080001ac                        . = ALIGN (0x4)

.text           0x080001ac     0x5708
                0x080001ac                        . = ALIGN (0x4)
 *(.text)
 .text          0x080001ac       0x40 /home/ryan/st/stm32cubeide_1.18.0/plugins/com.st.stm32cube.ide.mcu.externaltools.gnu-tools-for-stm32.13.3.rel1.linux64_1.0.0.202410170706/tools/bin/../lib/gcc/arm-none-eabi/13.3.1/thumb/v7e-m+fp/hard/crtbegin.o
 .text          0x080001ec       0x30 /home/ryan/st/stm32cubeide_1.18.0/plugins/com.st.stm32cube.ide.mcu.externaltools.gnu-tools-for-stm32.13.3.rel1.linux64_1.0.0.202410170706/tools/bin/../lib/gcc/arm-none-eabi/13.3.1/thumb/v7e-m+fp/hard/libgcc.a(_aeabi_uldivmod.o)
                0x080001ec                __aeabi_uldivmod
 .text          0x0800021c      0x2f8 /home/ryan/st/stm32cubeide_1.18.0/plugins/com.st.stm32cube.ide.mcu.externaltools.gnu-tools-for-stm32.13.3.rel1.linux64_1.0.0.202410170706/tools/bin/../lib/gcc/arm-none-eabi/13.3.1/thumb/v7e-m+fp/hard/libgcc.a(_udivmoddi4.o)
                0x0800021c                __udivmoddi4
 .text          0x08000514        0x4 /home/ryan/st/stm32cubeide_1.18.0/plugins/com.st.stm32cube.ide.mcu.externaltools.gnu-tools-for-stm32.13.3.rel1.linux64_1.0.0.202410170706/tools/bin/../lib/gcc/arm-none-eabi/13.3.1/thumb/v7e-m+fp/hard/libgcc.a(_dvmd_tls.o)
                0x08000514                __aeabi_ldiv0
                0x08000514                __aeabi_idiv0
 *(.text*)
 .text.Int2Str  0x08000518       0x98 ./Core/Src/common.o
                0x08000518                Int2Str
 .text.Str2Int  0x080005b0      0x1e8 ./Core/Src/common.o
                0x080005b0                Str2Int
 .text.Serial_PutString
                0x08000798       0x38 ./Core/Src/common.o
                0x08000798                Serial_PutString
 .text.Serial_PutByte
                0x080007d0       0x34 ./Core/Src/common.o
                0x080007d0                Serial_PutByte
 .text.FLASH_If_Init
                0x08000804       0x1c ./Core/Src/flash_if.o
                0x08000804                FLASH_If_Init
 .text.FLASH_If_Erase
                0x08000820       0xd8 ./Core/Src/flash_if.o
                0x08000820                FLASH_If_Erase
 .text.FLASH_If_Write
                0x080008f8       0x90 ./Core/Src/flash_if.o
                0x080008f8                FLASH_If_Write
 .text.FLASH_If_GetWriteProtectionStatus
                0x08000988      0x15c ./Core/Src/flash_if.o
                0x08000988                FLASH_If_GetWriteProtectionStatus
 .text.FLASH_If_WriteProtectionConfig
                0x08000ae4       0xfe ./Core/Src/flash_if.o
                0x08000ae4                FLASH_If_WriteProtectionConfig
 *fill*         0x08000be2        0x2 
 .text.main     0x08000be4       0xa8 ./Core/Src/main.o
                0x08000be4                main
 .text.SystemClock_Config
                0x08000c8c       0xa4 ./Core/Src/main.o
                0x08000c8c                SystemClock_Config
 .text.IAP_Init
                0x08000d30       0xcc ./Core/Src/main.o
 .text.Error_Handler
                0x08000dfc        0x8 ./Core/Src/main.o
                0x08000dfc                Error_Handler
 .text.SerialDownload
                0x08000e04       0xc4 ./Core/Src/menu.o
                0x08000e04                SerialDownload
 .text.SerialUpload
                0x08000ec8       0x68 ./Core/Src/menu.o
                0x08000ec8                SerialUpload
 .text.Main_Menu
                0x08000f30      0x1f0 ./Core/Src/menu.o
                0x08000f30                Main_Menu
 .text.HAL_MspInit
                0x08001120       0x48 ./Core/Src/stm32l4xx_hal_msp.o
                0x08001120                HAL_MspInit
 .text.HAL_CRC_MspInit
                0x08001168       0x40 ./Core/Src/stm32l4xx_hal_msp.o
                0x08001168                HAL_CRC_MspInit
 .text.HAL_UART_MspInit
                0x080011a8       0xc0 ./Core/Src/stm32l4xx_hal_msp.o
                0x080011a8                HAL_UART_MspInit
 .text.NMI_Handler
                0x08001268        0x8 ./Core/Src/stm32l4xx_it.o
                0x08001268                NMI_Handler
 .text.HardFault_Handler
                0x08001270        0x8 ./Core/Src/stm32l4xx_it.o
                0x08001270                HardFault_Handler
 .text.MemManage_Handler
                0x08001278        0x8 ./Core/Src/stm32l4xx_it.o
                0x08001278                MemManage_Handler
 .text.BusFault_Handler
                0x08001280        0x8 ./Core/Src/stm32l4xx_it.o
                0x08001280                BusFault_Handler
 .text.UsageFault_Handler
                0x08001288        0x8 ./Core/Src/stm32l4xx_it.o
                0x08001288                UsageFault_Handler
 .text.SVC_Handler
                0x08001290        0xe ./Core/Src/stm32l4xx_it.o
                0x08001290                SVC_Handler
 .text.DebugMon_Handler
                0x0800129e        0xe ./Core/Src/stm32l4xx_it.o
                0x0800129e                DebugMon_Handler
 .text.PendSV_Handler
                0x080012ac        0xe ./Core/Src/stm32l4xx_it.o
                0x080012ac                PendSV_Handler
 .text.SysTick_Handler
                0x080012ba        0xc ./Core/Src/stm32l4xx_it.o
                0x080012ba                SysTick_Handler
 *fill*         0x080012c6        0x2 
 .text.SystemInit
                0x080012c8       0x24 ./Core/Src/system_stm32l4xx.o
                0x080012c8                SystemInit
 .text.ReceivePacket
                0x080012ec      0x19c ./Core/Src/ymodem.o
 .text.PrepareIntialPacket
                0x08001488       0xc6 ./Core/Src/ymodem.o
 .text.PreparePacket
                0x0800154e       0xbc ./Core/Src/ymodem.o
 *fill*         0x0800160a        0x2 
 .text.Ymodem_Receive
                0x0800160c      0x244 ./Core/Src/ymodem.o
                0x0800160c                Ymodem_Receive
 .text.Ymodem_Transmit
                0x08001850      0x388 ./Core/Src/ymodem.o
                0x08001850                Ymodem_Transmit
 .text.Reset_Handler
                0x08001bd8       0x50 ./Core/Startup/startup_stm32l4a6zgtx.o
                0x08001bd8                Reset_Handler
 .text.Default_Handler
                0x08001c28        0x2 ./Core/Startup/startup_stm32l4a6zgtx.o
                0x08001c28                RTC_Alarm_IRQHandler
                0x08001c28                HASH_RNG_IRQHandler
                0x08001c28                EXTI2_IRQHandler
                0x08001c28                TIM8_TRG_COM_IRQHandler
                0x08001c28                TIM8_CC_IRQHandler
                0x08001c28                TIM1_CC_IRQHandler
                0x08001c28                TSC_IRQHandler
                0x08001c28                TAMP_STAMP_IRQHandler
                0x08001c28                CAN2_RX1_IRQHandler
                0x08001c28                EXTI3_IRQHandler
                0x08001c28                LPTIM2_IRQHandler
                0x08001c28                DFSDM1_FLT1_IRQHandler
                0x08001c28                I2C3_ER_IRQHandler
                0x08001c28                DFSDM1_FLT2_IRQHandler
                0x08001c28                EXTI0_IRQHandler
                0x08001c28                I2C2_EV_IRQHandler
                0x08001c28                CAN1_RX0_IRQHandler
                0x08001c28                FPU_IRQHandler
                0x08001c28                TIM1_UP_TIM16_IRQHandler
                0x08001c28                CAN2_SCE_IRQHandler
                0x08001c28                ADC1_2_IRQHandler
                0x08001c28                SPI1_IRQHandler
                0x08001c28                TIM6_DAC_IRQHandler
                0x08001c28                DCMI_IRQHandler
                0x08001c28                CAN2_RX0_IRQHandler
                0x08001c28                TIM8_UP_IRQHandler
                0x08001c28                DMA2_Channel2_IRQHandler
                0x08001c28                DMA1_Channel4_IRQHandler
                0x08001c28                SAI2_IRQHandler
                0x08001c28                DFSDM1_FLT3_IRQHandler
                0x08001c28                USART3_IRQHandler
                0x08001c28                DMA1_Channel7_IRQHandler
                0x08001c28                CAN1_RX1_IRQHandler
                0x08001c28                LCD_IRQHandler
                0x08001c28                UART5_IRQHandler
                0x08001c28                ADC3_IRQHandler
                0x08001c28                TIM4_IRQHandler
                0x08001c28                DMA2_Channel1_IRQHandler
                0x08001c28                QUADSPI_IRQHandler
                0x08001c28                I2C1_EV_IRQHandler
                0x08001c28                DMA1_Channel6_IRQHandler
                0x08001c28                UART4_IRQHandler
                0x08001c28                DMA2_Channel4_IRQHandler
                0x08001c28                TIM3_IRQHandler
                0x08001c28                RCC_IRQHandler
                0x08001c28                DMA1_Channel1_IRQHandler
                0x08001c28                Default_Handler
                0x08001c28                DMA2_Channel7_IRQHandler
                0x08001c28                EXTI15_10_IRQHandler
                0x08001c28                TIM7_IRQHandler
                0x08001c28                SDMMC1_IRQHandler
                0x08001c28                CAN2_TX_IRQHandler
                0x08001c28                TIM5_IRQHandler
                0x08001c28                I2C3_EV_IRQHandler
                0x08001c28                EXTI9_5_IRQHandler
                0x08001c28                RTC_WKUP_IRQHandler
                0x08001c28                PVD_PVM_IRQHandler
                0x08001c28                SPI2_IRQHandler
                0x08001c28                CAN1_TX_IRQHandler
                0x08001c28                DMA2_Channel5_IRQHandler
                0x08001c28                CRS_IRQHandler
                0x08001c28                DMA1_Channel5_IRQHandler
                0x08001c28                EXTI4_IRQHandler
                0x08001c28                TIM1_TRG_COM_TIM17_IRQHandler
                0x08001c28                DMA1_Channel3_IRQHandler
                0x08001c28                COMP_IRQHandler
                0x08001c28                WWDG_IRQHandler
                0x08001c28                I2C4_EV_IRQHandler
                0x08001c28                LPUART1_IRQHandler
                0x08001c28                DMA2_Channel6_IRQHandler
                0x08001c28                TIM2_IRQHandler
                0x08001c28                DMA2D_IRQHandler
                0x08001c28                EXTI1_IRQHandler
                0x08001c28                AES_IRQHandler
                0x08001c28                USART2_IRQHandler
                0x08001c28                DFSDM1_FLT0_IRQHandler
                0x08001c28                I2C2_ER_IRQHandler
                0x08001c28                DMA1_Channel2_IRQHandler
                0x08001c28                TIM8_BRK_IRQHandler
                0x08001c28                CAN1_SCE_IRQHandler
                0x08001c28                FLASH_IRQHandler
                0x08001c28                USART1_IRQHandler
                0x08001c28                OTG_FS_IRQHandler
                0x08001c28                SPI3_IRQHandler
                0x08001c28                I2C1_ER_IRQHandler
                0x08001c28                FMC_IRQHandler
                0x08001c28                SWPMI1_IRQHandler
                0x08001c28                LPTIM1_IRQHandler
                0x08001c28                I2C4_ER_IRQHandler
                0x08001c28                SAI1_IRQHandler
                0x08001c28                DMA2_Channel3_IRQHandler
                0x08001c28                TIM1_BRK_TIM15_IRQHandler
 .text.HAL_Init
                0x08001c2a       0x30 ./Drivers/STM32L4xx_HAL_Driver/Src/stm32l4xx_hal.o
                0x08001c2a                HAL_Init
 *fill*         0x08001c5a        0x2 
 .text.HAL_InitTick
                0x08001c5c       0x78 ./Drivers/STM32L4xx_HAL_Driver/Src/stm32l4xx_hal.o
                0x08001c5c                HAL_InitTick
 .text.HAL_IncTick
                0x08001cd4       0x28 ./Drivers/STM32L4xx_HAL_Driver/Src/stm32l4xx_hal.o
                0x08001cd4                HAL_IncTick
 .text.HAL_GetTick
                0x08001cfc       0x18 ./Drivers/STM32L4xx_HAL_Driver/Src/stm32l4xx_hal.o
                0x08001cfc                HAL_GetTick
 .text.HAL_Delay
                0x08001d14       0x48 ./Drivers/STM32L4xx_HAL_Driver/Src/stm32l4xx_hal.o
                0x08001d14                HAL_Delay
 .text.__NVIC_SetPriorityGrouping
                0x08001d5c       0x48 ./Drivers/STM32L4xx_HAL_Driver/Src/stm32l4xx_hal_cortex.o
 .text.__NVIC_GetPriorityGrouping
                0x08001da4       0x1c ./Drivers/STM32L4xx_HAL_Driver/Src/stm32l4xx_hal_cortex.o
 .text.__NVIC_SetPriority
                0x08001dc0       0x54 ./Drivers/STM32L4xx_HAL_Driver/Src/stm32l4xx_hal_cortex.o
 .text.NVIC_EncodePriority
                0x08001e14       0x66 ./Drivers/STM32L4xx_HAL_Driver/Src/stm32l4xx_hal_cortex.o
 *fill*         0x08001e7a        0x2 
 .text.SysTick_Config
                0x08001e7c       0x44 ./Drivers/STM32L4xx_HAL_Driver/Src/stm32l4xx_hal_cortex.o
 .text.HAL_NVIC_SetPriorityGrouping
                0x08001ec0       0x16 ./Drivers/STM32L4xx_HAL_Driver/Src/stm32l4xx_hal_cortex.o
                0x08001ec0                HAL_NVIC_SetPriorityGrouping
 .text.HAL_NVIC_SetPriority
                0x08001ed6       0x38 ./Drivers/STM32L4xx_HAL_Driver/Src/stm32l4xx_hal_cortex.o
                0x08001ed6                HAL_NVIC_SetPriority
 .text.HAL_SYSTICK_Config
                0x08001f0e       0x18 ./Drivers/STM32L4xx_HAL_Driver/Src/stm32l4xx_hal_cortex.o
                0x08001f0e                HAL_SYSTICK_Config
 *fill*         0x08001f26        0x2 
 .text.HAL_CRC_Init
                0x08001f28       0xc8 ./Drivers/STM32L4xx_HAL_Driver/Src/stm32l4xx_hal_crc.o
                0x08001f28                HAL_CRC_Init
 .text.HAL_CRC_Calculate
                0x08001ff0       0x98 ./Drivers/STM32L4xx_HAL_Driver/Src/stm32l4xx_hal_crc.o
                0x08001ff0                HAL_CRC_Calculate
 .text.CRC_Handle_8
                0x08002088      0x120 ./Drivers/STM32L4xx_HAL_Driver/Src/stm32l4xx_hal_crc.o
 .text.CRC_Handle_16
                0x080021a8       0x74 ./Drivers/STM32L4xx_HAL_Driver/Src/stm32l4xx_hal_crc.o
 .text.HAL_CRCEx_Polynomial_Set
                0x0800221c      0x11c ./Drivers/STM32L4xx_HAL_Driver/Src/stm32l4xx_hal_crc_ex.o
                0x0800221c                HAL_CRCEx_Polynomial_Set
 .text.HAL_FLASH_Program
                0x08002338       0xd8 ./Drivers/STM32L4xx_HAL_Driver/Src/stm32l4xx_hal_flash.o
                0x08002338                HAL_FLASH_Program
 .text.HAL_FLASH_Unlock
                0x08002410       0x44 ./Drivers/STM32L4xx_HAL_Driver/Src/stm32l4xx_hal_flash.o
                0x08002410                HAL_FLASH_Unlock
 .text.HAL_FLASH_Lock
                0x08002454       0x20 ./Drivers/STM32L4xx_HAL_Driver/Src/stm32l4xx_hal_flash.o
                0x08002454                HAL_FLASH_Lock
 .text.HAL_FLASH_OB_Unlock
                0x08002474       0x38 ./Drivers/STM32L4xx_HAL_Driver/Src/stm32l4xx_hal_flash.o
                0x08002474                HAL_FLASH_OB_Unlock
 .text.HAL_FLASH_OB_Launch
                0x080024ac       0x24 ./Drivers/STM32L4xx_HAL_Driver/Src/stm32l4xx_hal_flash.o
                0x080024ac                HAL_FLASH_OB_Launch
 .text.FLASH_WaitForLastOperation
                0x080024d0       0xac ./Drivers/STM32L4xx_HAL_Driver/Src/stm32l4xx_hal_flash.o
                0x080024d0                FLASH_WaitForLastOperation
 .text.FLASH_Program_DoubleWord
                0x0800257c       0x4c ./Drivers/STM32L4xx_HAL_Driver/Src/stm32l4xx_hal_flash.o
 .text.FLASH_Program_Fast
                0x080025c8       0x6c ./Drivers/STM32L4xx_HAL_Driver/Src/stm32l4xx_hal_flash.o
 .text.HAL_FLASHEx_Erase
                0x08002634      0x138 ./Drivers/STM32L4xx_HAL_Driver/Src/stm32l4xx_hal_flash_ex.o
                0x08002634                HAL_FLASHEx_Erase
 .text.HAL_FLASHEx_OBProgram
                0x0800276c       0xdc ./Drivers/STM32L4xx_HAL_Driver/Src/stm32l4xx_hal_flash_ex.o
                0x0800276c                HAL_FLASHEx_OBProgram
 .text.HAL_FLASHEx_OBGetConfig
                0x08002848       0x9c ./Drivers/STM32L4xx_HAL_Driver/Src/stm32l4xx_hal_flash_ex.o
                0x08002848                HAL_FLASHEx_OBGetConfig
 .text.FLASH_MassErase
                0x080028e4       0x50 ./Drivers/STM32L4xx_HAL_Driver/Src/stm32l4xx_hal_flash_ex.o
 .text.FLASH_PageErase
                0x08002934       0x6c ./Drivers/STM32L4xx_HAL_Driver/Src/stm32l4xx_hal_flash_ex.o
                0x08002934                FLASH_PageErase
 .text.FLASH_FlushCaches
                0x080029a0       0x94 ./Drivers/STM32L4xx_HAL_Driver/Src/stm32l4xx_hal_flash_ex.o
                0x080029a0                FLASH_FlushCaches
 .text.FLASH_OB_WRPConfig
                0x08002a34       0xc8 ./Drivers/STM32L4xx_HAL_Driver/Src/stm32l4xx_hal_flash_ex.o
 .text.FLASH_OB_RDPConfig
                0x08002afc       0x5c ./Drivers/STM32L4xx_HAL_Driver/Src/stm32l4xx_hal_flash_ex.o
 .text.FLASH_OB_UserConfig
                0x08002b58      0x22c ./Drivers/STM32L4xx_HAL_Driver/Src/stm32l4xx_hal_flash_ex.o
 .text.FLASH_OB_PCROPConfig
                0x08002d84      0x158 ./Drivers/STM32L4xx_HAL_Driver/Src/stm32l4xx_hal_flash_ex.o
 .text.FLASH_OB_GetWRP
                0x08002edc       0x94 ./Drivers/STM32L4xx_HAL_Driver/Src/stm32l4xx_hal_flash_ex.o
 .text.FLASH_OB_GetRDP
                0x08002f70       0x34 ./Drivers/STM32L4xx_HAL_Driver/Src/stm32l4xx_hal_flash_ex.o
 .text.FLASH_OB_GetUser
                0x08002fa4       0x28 ./Drivers/STM32L4xx_HAL_Driver/Src/stm32l4xx_hal_flash_ex.o
 .text.FLASH_OB_GetPCROP
                0x08002fcc      0x110 ./Drivers/STM32L4xx_HAL_Driver/Src/stm32l4xx_hal_flash_ex.o
 .text.HAL_GPIO_Init
                0x080030dc      0x324 ./Drivers/STM32L4xx_HAL_Driver/Src/stm32l4xx_hal_gpio.o
                0x080030dc                HAL_GPIO_Init
 .text.HAL_GPIO_ReadPin
                0x08003400       0x30 ./Drivers/STM32L4xx_HAL_Driver/Src/stm32l4xx_hal_gpio.o
                0x08003400                HAL_GPIO_ReadPin
 .text.HAL_GPIO_TogglePin
                0x08003430       0x34 ./Drivers/STM32L4xx_HAL_Driver/Src/stm32l4xx_hal_gpio.o
                0x08003430                HAL_GPIO_TogglePin
 .text.HAL_PWREx_GetVoltageRange
                0x08003464       0x1c ./Drivers/STM32L4xx_HAL_Driver/Src/stm32l4xx_hal_pwr_ex.o
                0x08003464                HAL_PWREx_GetVoltageRange
 .text.HAL_PWREx_ControlVoltageScaling
                0x08003480       0xac ./Drivers/STM32L4xx_HAL_Driver/Src/stm32l4xx_hal_pwr_ex.o
                0x08003480                HAL_PWREx_ControlVoltageScaling
 .text.HAL_PWREx_EnableVddIO2
                0x0800352c       0x20 ./Drivers/STM32L4xx_HAL_Driver/Src/stm32l4xx_hal_pwr_ex.o
                0x0800352c                HAL_PWREx_EnableVddIO2
 .text.HAL_RCC_OscConfig
                0x0800354c      0x834 ./Drivers/STM32L4xx_HAL_Driver/Src/stm32l4xx_hal_rcc.o
                0x0800354c                HAL_RCC_OscConfig
 .text.HAL_RCC_ClockConfig
                0x08003d80      0x200 ./Drivers/STM32L4xx_HAL_Driver/Src/stm32l4xx_hal_rcc.o
                0x08003d80                HAL_RCC_ClockConfig
 .text.HAL_RCC_GetSysClockFreq
                0x08003f80      0x118 ./Drivers/STM32L4xx_HAL_Driver/Src/stm32l4xx_hal_rcc.o
                0x08003f80                HAL_RCC_GetSysClockFreq
 .text.HAL_RCC_GetHCLKFreq
                0x08004098       0x18 ./Drivers/STM32L4xx_HAL_Driver/Src/stm32l4xx_hal_rcc.o
                0x08004098                HAL_RCC_GetHCLKFreq
 .text.HAL_RCC_GetPCLK1Freq
                0x080040b0       0x2c ./Drivers/STM32L4xx_HAL_Driver/Src/stm32l4xx_hal_rcc.o
                0x080040b0                HAL_RCC_GetPCLK1Freq
 .text.HAL_RCC_GetPCLK2Freq
                0x080040dc       0x2c ./Drivers/STM32L4xx_HAL_Driver/Src/stm32l4xx_hal_rcc.o
                0x080040dc                HAL_RCC_GetPCLK2Freq
 .text.RCC_SetFlashLatencyFromMSIRange
                0x08004108       0xc0 ./Drivers/STM32L4xx_HAL_Driver/Src/stm32l4xx_hal_rcc.o
 .text.HAL_RCCEx_PeriphCLKConfig
                0x080041c8      0x5f8 ./Drivers/STM32L4xx_HAL_Driver/Src/stm32l4xx_hal_rcc_ex.o
                0x080041c8                HAL_RCCEx_PeriphCLKConfig
 .text.RCCEx_PLLSAI1_Config
                0x080047c0      0x1e4 ./Drivers/STM32L4xx_HAL_Driver/Src/stm32l4xx_hal_rcc_ex.o
 .text.RCCEx_PLLSAI2_Config
                0x080049a4      0x1b8 ./Drivers/STM32L4xx_HAL_Driver/Src/stm32l4xx_hal_rcc_ex.o
 .text.HAL_UART_Init
                0x08004b5c       0x9c ./Drivers/STM32L4xx_HAL_Driver/Src/stm32l4xx_hal_uart.o
                0x08004b5c                HAL_UART_Init
 .text.HAL_UART_Transmit
                0x08004bf8      0x112 ./Drivers/STM32L4xx_HAL_Driver/Src/stm32l4xx_hal_uart.o
                0x08004bf8                HAL_UART_Transmit
 .text.HAL_UART_Receive
                0x08004d0a      0x192 ./Drivers/STM32L4xx_HAL_Driver/Src/stm32l4xx_hal_uart.o
                0x08004d0a                HAL_UART_Receive
 .text.UART_SetConfig
                0x08004e9c      0x570 ./Drivers/STM32L4xx_HAL_Driver/Src/stm32l4xx_hal_uart.o
                0x08004e9c                UART_SetConfig
 .text.UART_AdvFeatureConfig
                0x0800540c      0x144 ./Drivers/STM32L4xx_HAL_Driver/Src/stm32l4xx_hal_uart.o
                0x0800540c                UART_AdvFeatureConfig
 .text.UART_CheckIdleState
                0x08005550      0x150 ./Drivers/STM32L4xx_HAL_Driver/Src/stm32l4xx_hal_uart.o
                0x08005550                UART_CheckIdleState
 .text.UART_WaitOnFlagUntilTimeout
                0x080056a0       0xda ./Drivers/STM32L4xx_HAL_Driver/Src/stm32l4xx_hal_uart.o
                0x080056a0                UART_WaitOnFlagUntilTimeout
 .text.UART_EndRxTransfer
                0x0800577a       0xc8 ./Drivers/STM32L4xx_HAL_Driver/Src/stm32l4xx_hal_uart.o
 .text.memset   0x08005842       0x10 /home/ryan/st/stm32cubeide_1.18.0/plugins/com.st.stm32cube.ide.mcu.externaltools.gnu-tools-for-stm32.13.3.rel1.linux64_1.0.0.202410170706/tools/bin/../lib/gcc/arm-none-eabi/13.3.1/../../../../arm-none-eabi/lib/thumb/v7e-m+fp/hard/libc_nano.a(libc_a-memset.o)
                0x08005842                memset
 *fill*         0x08005852        0x2 
 .text.__libc_init_array
                0x08005854       0x48 /home/ryan/st/stm32cubeide_1.18.0/plugins/com.st.stm32cube.ide.mcu.externaltools.gnu-tools-for-stm32.13.3.rel1.linux64_1.0.0.202410170706/tools/bin/../lib/gcc/arm-none-eabi/13.3.1/../../../../arm-none-eabi/lib/thumb/v7e-m+fp/hard/libc_nano.a(libc_a-init.o)
                0x08005854                __libc_init_array
 *(.glue_7)
 .glue_7        0x0800589c        0x0 linker stubs
 *(.glue_7t)
 .glue_7t       0x0800589c        0x0 linker stubs
 *(.eh_frame)
 .eh_frame      0x0800589c        0x0 /home/ryan/st/stm32cubeide_1.18.0/plugins/com.st.stm32cube.ide.mcu.externaltools.gnu-tools-for-stm32.13.3.rel1.linux64_1.0.0.202410170706/tools/bin/../lib/gcc/arm-none-eabi/13.3.1/thumb/v7e-m+fp/hard/crtbegin.o
 *(.init)
 .init          0x0800589c        0x4 /home/ryan/st/stm32cubeide_1.18.0/plugins/com.st.stm32cube.ide.mcu.externaltools.gnu-tools-for-stm32.13.3.rel1.linux64_1.0.0.202410170706/tools/bin/../lib/gcc/arm-none-eabi/13.3.1/thumb/v7e-m+fp/hard/crti.o
                0x0800589c                _init
 .init          0x080058a0        0x8 /home/ryan/st/stm32cubeide_1.18.0/plugins/com.st.stm32cube.ide.mcu.externaltools.gnu-tools-for-stm32.13.3.rel1.linux64_1.0.0.202410170706/tools/bin/../lib/gcc/arm-none-eabi/13.3.1/thumb/v7e-m+fp/hard/crtn.o
 *(.fini)
 .fini          0x080058a8        0x4 /home/ryan/st/stm32cubeide_1.18.0/plugins/com.st.stm32cube.ide.mcu.externaltools.gnu-tools-for-stm32.13.3.rel1.linux64_1.0.0.202410170706/tools/bin/../lib/gcc/arm-none-eabi/13.3.1/thumb/v7e-m+fp/hard/crti.o
                0x080058a8                _fini
 .fini          0x080058ac        0x8 /home/ryan/st/stm32cubeide_1.18.0/plugins/com.st.stm32cube.ide.mcu.externaltools.gnu-tools-for-stm32.13.3.rel1.linux64_1.0.0.202410170706/tools/bin/../lib/gcc/arm-none-eabi/13.3.1/thumb/v7e-m+fp/hard/crtn.o
                0x080058b4                        . = ALIGN (0x4)
                0x080058b4                        _etext = .

.vfp11_veneer   0x080058b4        0x0
 .vfp11_veneer  0x080058b4        0x0 linker stubs

.v4_bx          0x080058b4        0x0
 .v4_bx         0x080058b4        0x0 linker stubs

.iplt           0x080058b4        0x0
 .iplt          0x080058b4        0x0 /home/ryan/st/stm32cubeide_1.18.0/plugins/com.st.stm32cube.ide.mcu.externaltools.gnu-tools-for-stm32.13.3.rel1.linux64_1.0.0.202410170706/tools/bin/../lib/gcc/arm-none-eabi/13.3.1/thumb/v7e-m+fp/hard/crtbegin.o

.rodata         0x080058b4      0x6f8
                0x080058b4                        . = ALIGN (0x4)
 *(.rodata)
 .rodata        0x080058b4      0x6af ./Core/Src/menu.o
 *(.rodata*)
 *fill*         0x08005f63        0x1 
 .rodata.AHBPrescTable
                0x08005f64       0x10 ./Core/Src/system_stm32l4xx.o
                0x08005f64                AHBPrescTable
 .rodata.APBPrescTable
                0x08005f74        0x8 ./Core/Src/system_stm32l4xx.o
                0x08005f74                APBPrescTable
 .rodata.MSIRangeTable
                0x08005f7c       0x30 ./Core/Src/system_stm32l4xx.o
                0x08005f7c                MSIRangeTable
                0x08005fac                        . = ALIGN (0x4)

.ARM.extab      0x08005fac        0x0
                0x08005fac                        . = ALIGN (0x4)
 *(.ARM.extab* .gnu.linkonce.armextab.*)
                0x08005fac                        . = ALIGN (0x4)

.ARM            0x08005fac        0x8
                0x08005fac                        . = ALIGN (0x4)
                0x08005fac                        __exidx_start = .
 *(.ARM.exidx*)
 .ARM.exidx     0x08005fac        0x8 /home/ryan/st/stm32cubeide_1.18.0/plugins/com.st.stm32cube.ide.mcu.externaltools.gnu-tools-for-stm32.13.3.rel1.linux64_1.0.0.202410170706/tools/bin/../lib/gcc/arm-none-eabi/13.3.1/thumb/v7e-m+fp/hard/libgcc.a(_udivmoddi4.o)
                0x08005fb4                        __exidx_end = .
                0x08005fb4                        . = ALIGN (0x4)

.preinit_array  0x08005fb4        0x0
                0x08005fb4                        . = ALIGN (0x4)
                0x08005fb4                        PROVIDE (__preinit_array_start = .)
 *(.preinit_array*)
                0x08005fb4                        PROVIDE (__preinit_array_end = .)
                0x08005fb4                        . = ALIGN (0x4)

.init_array     0x08005fb4        0x4
                0x08005fb4                        . = ALIGN (0x4)
                0x08005fb4                        PROVIDE (__init_array_start = .)
 *(SORT_BY_NAME(.init_array.*))
 *(.init_array*)
 .init_array    0x08005fb4        0x4 /home/ryan/st/stm32cubeide_1.18.0/plugins/com.st.stm32cube.ide.mcu.externaltools.gnu-tools-for-stm32.13.3.rel1.linux64_1.0.0.202410170706/tools/bin/../lib/gcc/arm-none-eabi/13.3.1/thumb/v7e-m+fp/hard/crtbegin.o
                0x08005fb8                        PROVIDE (__init_array_end = .)
                0x08005fb8                        . = ALIGN (0x4)

.fini_array     0x08005fb8        0x4
                0x08005fb8                        . = ALIGN (0x4)
                [!provide]                        PROVIDE (__fini_array_start = .)
 *(SORT_BY_NAME(.fini_array.*))
 *(.fini_array*)
 .fini_array    0x08005fb8        0x4 /home/ryan/st/stm32cubeide_1.18.0/plugins/com.st.stm32cube.ide.mcu.externaltools.gnu-tools-for-stm32.13.3.rel1.linux64_1.0.0.202410170706/tools/bin/../lib/gcc/arm-none-eabi/13.3.1/thumb/v7e-m+fp/hard/crtbegin.o
                [!provide]                        PROVIDE (__fini_array_end = .)
                0x08005fbc                        . = ALIGN (0x4)
                0x08005fbc                        _sidata = LOADADDR (.data)

.rel.dyn        0x08005fbc        0x0
 .rel.iplt      0x08005fbc        0x0 /home/ryan/st/stm32cubeide_1.18.0/plugins/com.st.stm32cube.ide.mcu.externaltools.gnu-tools-for-stm32.13.3.rel1.linux64_1.0.0.202410170706/tools/bin/../lib/gcc/arm-none-eabi/13.3.1/thumb/v7e-m+fp/hard/crtbegin.o

.data           0x20000000       0x2c load address 0x08005fbc
                0x20000000                        . = ALIGN (0x4)
                0x20000000                        _sdata = .
 *(.data)
 *(.data*)
 .data.SystemCoreClock
                0x20000000        0x4 ./Core/Src/system_stm32l4xx.o
                0x20000000                SystemCoreClock
 .data.uwTickPrio
                0x20000004        0x4 ./Drivers/STM32L4xx_HAL_Driver/Src/stm32l4xx_hal.o
                0x20000004                uwTickPrio
 .data.uwTickFreq
                0x20000008        0x1 ./Drivers/STM32L4xx_HAL_Driver/Src/stm32l4xx_hal.o
                0x20000008                uwTickFreq
 *fill*         0x20000009        0x3 
 .data.pFlash   0x2000000c       0x20 ./Drivers/STM32L4xx_HAL_Driver/Src/stm32l4xx_hal_flash.o
                0x2000000c                pFlash
 *(.RamFunc)
 *(.RamFunc*)
                0x2000002c                        . = ALIGN (0x4)
                0x2000002c                        _edata = .

.igot.plt       0x2000002c        0x0 load address 0x08005fe8
 .igot.plt      0x2000002c        0x0 /home/ryan/st/stm32cubeide_1.18.0/plugins/com.st.stm32cube.ide.mcu.externaltools.gnu-tools-for-stm32.13.3.rel1.linux64_1.0.0.202410170706/tools/bin/../lib/gcc/arm-none-eabi/13.3.1/thumb/v7e-m+fp/hard/crtbegin.o
                0x2000002c                        . = ALIGN (0x4)

.bss            0x2000002c      0x520 load address 0x08005fe8
                0x2000002c                        _sbss = .
                0x2000002c                        __bss_start__ = _sbss
 *(.bss)
 .bss           0x2000002c       0x1c /home/ryan/st/stm32cubeide_1.18.0/plugins/com.st.stm32cube.ide.mcu.externaltools.gnu-tools-for-stm32.13.3.rel1.linux64_1.0.0.202410170706/tools/bin/../lib/gcc/arm-none-eabi/13.3.1/thumb/v7e-m+fp/hard/crtbegin.o
 *(.bss*)
 .bss.hlpuart1  0x20000048       0x88 ./Core/Src/main.o
                0x20000048                hlpuart1
 .bss.CrcHandle
                0x200000d0       0x24 ./Core/Src/main.o
                0x200000d0                CrcHandle
 .bss.JumpToApplication
                0x200000f4        0x4 ./Core/Src/menu.o
                0x200000f4                JumpToApplication
 .bss.JumpAddress
                0x200000f8        0x4 ./Core/Src/menu.o
                0x200000f8                JumpAddress
 .bss.FlashProtection
                0x200000fc        0x4 ./Core/Src/menu.o
                0x200000fc                FlashProtection
 .bss.aFileName
                0x20000100       0x40 ./Core/Src/menu.o
                0x20000100                aFileName
 .bss.aPacketData
                0x20000140      0x406 ./Core/Src/ymodem.o
                0x20000140                aPacketData
 *fill*         0x20000546        0x2 
 .bss.uwTick    0x20000548        0x4 ./Drivers/STM32L4xx_HAL_Driver/Src/stm32l4xx_hal.o
                0x20000548                uwTick
 *(COMMON)
                0x2000054c                        . = ALIGN (0x4)
                0x2000054c                        _ebss = .
                0x2000054c                        __bss_end__ = _ebss

._user_heap_stack
                0x2000054c      0x604 load address 0x08005fe8
                0x20000550                        . = ALIGN (0x8)
 *fill*         0x2000054c        0x4 
                [!provide]                        PROVIDE (end = .)
                0x20000550                        PROVIDE (_end = .)
                0x20000750                        . = (. + _Min_Heap_Size)
 *fill*         0x20000550      0x200 
                0x20000b50                        . = (. + _Min_Stack_Size)
 *fill*         0x20000750      0x400 
                0x20000b50                        . = ALIGN (0x8)

/DISCARD/
 libc.a(*)
 libm.a(*)
 libgcc.a(*)

.ARM.attributes
                0x00000000       0x30
 *(.ARM.attributes)
 .ARM.attributes
                0x00000000       0x22 /home/ryan/st/stm32cubeide_1.18.0/plugins/com.st.stm32cube.ide.mcu.externaltools.gnu-tools-for-stm32.13.3.rel1.linux64_1.0.0.202410170706/tools/bin/../lib/gcc/arm-none-eabi/13.3.1/thumb/v7e-m+fp/hard/crti.o
 .ARM.attributes
                0x00000022       0x34 /home/ryan/st/stm32cubeide_1.18.0/plugins/com.st.stm32cube.ide.mcu.externaltools.gnu-tools-for-stm32.13.3.rel1.linux64_1.0.0.202410170706/tools/bin/../lib/gcc/arm-none-eabi/13.3.1/thumb/v7e-m+fp/hard/crtbegin.o
 .ARM.attributes
                0x00000056       0x34 ./Core/Src/common.o
 .ARM.attributes
                0x0000008a       0x34 ./Core/Src/flash_if.o
 .ARM.attributes
                0x000000be       0x34 ./Core/Src/main.o
 .ARM.attributes
                0x000000f2       0x34 ./Core/Src/menu.o
 .ARM.attributes
                0x00000126       0x34 ./Core/Src/stm32l4xx_hal_msp.o
 .ARM.attributes
                0x0000015a       0x34 ./Core/Src/stm32l4xx_it.o
 .ARM.attributes
                0x0000018e       0x34 ./Core/Src/system_stm32l4xx.o
 .ARM.attributes
                0x000001c2       0x34 ./Core/Src/ymodem.o
 .ARM.attributes
                0x000001f6       0x21 ./Core/Startup/startup_stm32l4a6zgtx.o
 .ARM.attributes
                0x00000217       0x34 ./Drivers/STM32L4xx_HAL_Driver/Src/stm32l4xx_hal.o
 .ARM.attributes
                0x0000024b       0x34 ./Drivers/STM32L4xx_HAL_Driver/Src/stm32l4xx_hal_cortex.o
 .ARM.attributes
                0x0000027f       0x34 ./Drivers/STM32L4xx_HAL_Driver/Src/stm32l4xx_hal_crc.o
 .ARM.attributes
                0x000002b3       0x34 ./Drivers/STM32L4xx_HAL_Driver/Src/stm32l4xx_hal_crc_ex.o
 .ARM.attributes
                0x000002e7       0x34 ./Drivers/STM32L4xx_HAL_Driver/Src/stm32l4xx_hal_flash.o
 .ARM.attributes
                0x0000031b       0x34 ./Drivers/STM32L4xx_HAL_Driver/Src/stm32l4xx_hal_flash_ex.o
 .ARM.attributes
                0x0000034f       0x34 ./Drivers/STM32L4xx_HAL_Driver/Src/stm32l4xx_hal_gpio.o
 .ARM.attributes
                0x00000383       0x34 ./Drivers/STM32L4xx_HAL_Driver/Src/stm32l4xx_hal_pwr_ex.o
 .ARM.attributes
                0x000003b7       0x34 ./Drivers/STM32L4xx_HAL_Driver/Src/stm32l4xx_hal_rcc.o
 .ARM.attributes
                0x000003eb       0x34 ./Drivers/STM32L4xx_HAL_Driver/Src/stm32l4xx_hal_rcc_ex.o
 .ARM.attributes
                0x0000041f       0x34 ./Drivers/STM32L4xx_HAL_Driver/Src/stm32l4xx_hal_uart.o
 .ARM.attributes
                0x00000453       0x34 /home/ryan/st/stm32cubeide_1.18.0/plugins/com.st.stm32cube.ide.mcu.externaltools.gnu-tools-for-stm32.13.3.rel1.linux64_1.0.0.202410170706/tools/bin/../lib/gcc/arm-none-eabi/13.3.1/../../../../arm-none-eabi/lib/thumb/v7e-m+fp/hard/libc_nano.a(libc_a-memset.o)
 .ARM.attributes
                0x00000487       0x34 /home/ryan/st/stm32cubeide_1.18.0/plugins/com.st.stm32cube.ide.mcu.externaltools.gnu-tools-for-stm32.13.3.rel1.linux64_1.0.0.202410170706/tools/bin/../lib/gcc/arm-none-eabi/13.3.1/../../../../arm-none-eabi/lib/thumb/v7e-m+fp/hard/libc_nano.a(libc_a-init.o)
 .ARM.attributes
                0x000004bb       0x22 /home/ryan/st/stm32cubeide_1.18.0/plugins/com.st.stm32cube.ide.mcu.externaltools.gnu-tools-for-stm32.13.3.rel1.linux64_1.0.0.202410170706/tools/bin/../lib/gcc/arm-none-eabi/13.3.1/thumb/v7e-m+fp/hard/libgcc.a(_aeabi_uldivmod.o)
 .ARM.attributes
                0x000004dd       0x34 /home/ryan/st/stm32cubeide_1.18.0/plugins/com.st.stm32cube.ide.mcu.externaltools.gnu-tools-for-stm32.13.3.rel1.linux64_1.0.0.202410170706/tools/bin/../lib/gcc/arm-none-eabi/13.3.1/thumb/v7e-m+fp/hard/libgcc.a(_udivmoddi4.o)
 .ARM.attributes
                0x00000511       0x22 /home/ryan/st/stm32cubeide_1.18.0/plugins/com.st.stm32cube.ide.mcu.externaltools.gnu-tools-for-stm32.13.3.rel1.linux64_1.0.0.202410170706/tools/bin/../lib/gcc/arm-none-eabi/13.3.1/thumb/v7e-m+fp/hard/libgcc.a(_dvmd_tls.o)
 .ARM.attributes
                0x00000533       0x22 /home/ryan/st/stm32cubeide_1.18.0/plugins/com.st.stm32cube.ide.mcu.externaltools.gnu-tools-for-stm32.13.3.rel1.linux64_1.0.0.202410170706/tools/bin/../lib/gcc/arm-none-eabi/13.3.1/thumb/v7e-m+fp/hard/crtn.o
OUTPUT(bootloaderfinal.elf elf32-littlearm)
LOAD linker stubs
LOAD /home/ryan/st/stm32cubeide_1.18.0/plugins/com.st.stm32cube.ide.mcu.externaltools.gnu-tools-for-stm32.13.3.rel1.linux64_1.0.0.202410170706/tools/bin/../lib/gcc/arm-none-eabi/13.3.1/../../../../arm-none-eabi/lib/thumb/v7e-m+fp/hard/libc.a
LOAD /home/ryan/st/stm32cubeide_1.18.0/plugins/com.st.stm32cube.ide.mcu.externaltools.gnu-tools-for-stm32.13.3.rel1.linux64_1.0.0.202410170706/tools/bin/../lib/gcc/arm-none-eabi/13.3.1/../../../../arm-none-eabi/lib/thumb/v7e-m+fp/hard/libm.a
LOAD /home/ryan/st/stm32cubeide_1.18.0/plugins/com.st.stm32cube.ide.mcu.externaltools.gnu-tools-for-stm32.13.3.rel1.linux64_1.0.0.202410170706/tools/bin/../lib/gcc/arm-none-eabi/13.3.1/thumb/v7e-m+fp/hard/libgcc.a

.debug_info     0x00000000     0xe374
 .debug_info    0x00000000      0x7ec ./Core/Src/common.o
 .debug_info    0x000007ec      0x512 ./Core/Src/flash_if.o
 .debug_info    0x00000cfe      0xeaf ./Core/Src/main.o
 .debug_info    0x00001bad      0x935 ./Core/Src/menu.o
 .debug_info    0x000024e2      0xf2f ./Core/Src/stm32l4xx_hal_msp.o
 .debug_info    0x00003411      0x113 ./Core/Src/stm32l4xx_it.o
 .debug_info    0x00003524      0x5cd ./Core/Src/system_stm32l4xx.o
 .debug_info    0x00003af1      0xe56 ./Core/Src/ymodem.o
 .debug_info    0x00004947       0x30 ./Core/Startup/startup_stm32l4a6zgtx.o
 .debug_info    0x00004977      0xb51 ./Drivers/STM32L4xx_HAL_Driver/Src/stm32l4xx_hal.o
 .debug_info    0x000054c8      0xdbd ./Drivers/STM32L4xx_HAL_Driver/Src/stm32l4xx_hal_cortex.o
 .debug_info    0x00006285      0x530 ./Drivers/STM32L4xx_HAL_Driver/Src/stm32l4xx_hal_crc.o
 .debug_info    0x000067b5      0x35b ./Drivers/STM32L4xx_HAL_Driver/Src/stm32l4xx_hal_crc_ex.o
 .debug_info    0x00006b10      0x6ad ./Drivers/STM32L4xx_HAL_Driver/Src/stm32l4xx_hal_flash.o
 .debug_info    0x000071bd      0x831 ./Drivers/STM32L4xx_HAL_Driver/Src/stm32l4xx_hal_flash_ex.o
 .debug_info    0x000079ee      0x76f ./Drivers/STM32L4xx_HAL_Driver/Src/stm32l4xx_hal_gpio.o
 .debug_info    0x0000815d      0x996 ./Drivers/STM32L4xx_HAL_Driver/Src/stm32l4xx_hal_pwr_ex.o
 .debug_info    0x00008af3      0xc3b ./Drivers/STM32L4xx_HAL_Driver/Src/stm32l4xx_hal_rcc.o
 .debug_info    0x0000972e     0x10c1 ./Drivers/STM32L4xx_HAL_Driver/Src/stm32l4xx_hal_rcc_ex.o
 .debug_info    0x0000a7ef     0x3b85 ./Drivers/STM32L4xx_HAL_Driver/Src/stm32l4xx_hal_uart.o

.debug_abbrev   0x00000000     0x28c0
 .debug_abbrev  0x00000000      0x1cf ./Core/Src/common.o
 .debug_abbrev  0x000001cf      0x1f4 ./Core/Src/flash_if.o
 .debug_abbrev  0x000003c3      0x262 ./Core/Src/main.o
 .debug_abbrev  0x00000625      0x238 ./Core/Src/menu.o
 .debug_abbrev  0x0000085d      0x202 ./Core/Src/stm32l4xx_hal_msp.o
 .debug_abbrev  0x00000a5f       0x73 ./Core/Src/stm32l4xx_it.o
 .debug_abbrev  0x00000ad2      0x11a ./Core/Src/system_stm32l4xx.o
 .debug_abbrev  0x00000bec      0x2a9 ./Core/Src/ymodem.o
 .debug_abbrev  0x00000e95       0x24 ./Core/Startup/startup_stm32l4a6zgtx.o
 .debug_abbrev  0x00000eb9      0x242 ./Drivers/STM32L4xx_HAL_Driver/Src/stm32l4xx_hal.o
 .debug_abbrev  0x000010fb      0x31c ./Drivers/STM32L4xx_HAL_Driver/Src/stm32l4xx_hal_cortex.o
 .debug_abbrev  0x00001417      0x1ee ./Drivers/STM32L4xx_HAL_Driver/Src/stm32l4xx_hal_crc.o
 .debug_abbrev  0x00001605      0x151 ./Drivers/STM32L4xx_HAL_Driver/Src/stm32l4xx_hal_crc_ex.o
 .debug_abbrev  0x00001756      0x324 ./Drivers/STM32L4xx_HAL_Driver/Src/stm32l4xx_hal_flash.o
 .debug_abbrev  0x00001a7a      0x244 ./Drivers/STM32L4xx_HAL_Driver/Src/stm32l4xx_hal_flash_ex.o
 .debug_abbrev  0x00001cbe      0x1cb ./Drivers/STM32L4xx_HAL_Driver/Src/stm32l4xx_hal_gpio.o
 .debug_abbrev  0x00001e89      0x1f9 ./Drivers/STM32L4xx_HAL_Driver/Src/stm32l4xx_hal_pwr_ex.o
 .debug_abbrev  0x00002082      0x2cb ./Drivers/STM32L4xx_HAL_Driver/Src/stm32l4xx_hal_rcc.o
 .debug_abbrev  0x0000234d      0x2a3 ./Drivers/STM32L4xx_HAL_Driver/Src/stm32l4xx_hal_rcc_ex.o
 .debug_abbrev  0x000025f0      0x2d0 ./Drivers/STM32L4xx_HAL_Driver/Src/stm32l4xx_hal_uart.o

.debug_aranges  0x00000000      0xb90
 .debug_aranges
                0x00000000       0x38 ./Core/Src/common.o
 .debug_aranges
                0x00000038       0x40 ./Core/Src/flash_if.o
 .debug_aranges
                0x00000078       0x38 ./Core/Src/main.o
 .debug_aranges
                0x000000b0       0x30 ./Core/Src/menu.o
 .debug_aranges
                0x000000e0       0x40 ./Core/Src/stm32l4xx_hal_msp.o
 .debug_aranges
                0x00000120       0x60 ./Core/Src/stm32l4xx_it.o
 .debug_aranges
                0x00000180       0x28 ./Core/Src/system_stm32l4xx.o
 .debug_aranges
                0x000001a8       0x58 ./Core/Src/ymodem.o
 .debug_aranges
                0x00000200       0x28 ./Core/Startup/startup_stm32l4a6zgtx.o
 .debug_aranges
                0x00000228      0x130 ./Drivers/STM32L4xx_HAL_Driver/Src/stm32l4xx_hal.o
 .debug_aranges
                0x00000358      0x128 ./Drivers/STM32L4xx_HAL_Driver/Src/stm32l4xx_hal_cortex.o
 .debug_aranges
                0x00000480       0x60 ./Drivers/STM32L4xx_HAL_Driver/Src/stm32l4xx_hal_crc.o
 .debug_aranges
                0x000004e0       0x30 ./Drivers/STM32L4xx_HAL_Driver/Src/stm32l4xx_hal_crc_ex.o
 .debug_aranges
                0x00000510       0x88 ./Drivers/STM32L4xx_HAL_Driver/Src/stm32l4xx_hal_flash.o
 .debug_aranges
                0x00000598       0x90 ./Drivers/STM32L4xx_HAL_Driver/Src/stm32l4xx_hal_flash_ex.o
 .debug_aranges
                0x00000628       0x58 ./Drivers/STM32L4xx_HAL_Driver/Src/stm32l4xx_hal_gpio.o
 .debug_aranges
                0x00000680      0x150 ./Drivers/STM32L4xx_HAL_Driver/Src/stm32l4xx_hal_pwr_ex.o
 .debug_aranges
                0x000007d0       0x90 ./Drivers/STM32L4xx_HAL_Driver/Src/stm32l4xx_hal_rcc.o
 .debug_aranges
                0x00000860      0x108 ./Drivers/STM32L4xx_HAL_Driver/Src/stm32l4xx_hal_rcc_ex.o
 .debug_aranges
                0x00000968      0x228 ./Drivers/STM32L4xx_HAL_Driver/Src/stm32l4xx_hal_uart.o

.debug_rnglists
                0x00000000      0x8cb
 .debug_rnglists
                0x00000000       0x27 ./Core/Src/common.o
 .debug_rnglists
                0x00000027       0x2f ./Core/Src/flash_if.o
 .debug_rnglists
                0x00000056       0x28 ./Core/Src/main.o
 .debug_rnglists
                0x0000007e       0x21 ./Core/Src/menu.o
 .debug_rnglists
                0x0000009f       0x2c ./Core/Src/stm32l4xx_hal_msp.o
 .debug_rnglists
                0x000000cb       0x43 ./Core/Src/stm32l4xx_it.o
 .debug_rnglists
                0x0000010e       0x1a ./Core/Src/system_stm32l4xx.o
 .debug_rnglists
                0x00000128       0x42 ./Core/Src/ymodem.o
 .debug_rnglists
                0x0000016a       0x19 ./Core/Startup/startup_stm32l4a6zgtx.o
 .debug_rnglists
                0x00000183       0xdf ./Drivers/STM32L4xx_HAL_Driver/Src/stm32l4xx_hal.o
 .debug_rnglists
                0x00000262       0xda ./Drivers/STM32L4xx_HAL_Driver/Src/stm32l4xx_hal_cortex.o
 .debug_rnglists
                0x0000033c       0x47 ./Drivers/STM32L4xx_HAL_Driver/Src/stm32l4xx_hal_crc.o
 .debug_rnglists
                0x00000383       0x20 ./Drivers/STM32L4xx_HAL_Driver/Src/stm32l4xx_hal_crc_ex.o
 .debug_rnglists
                0x000003a3       0x65 ./Drivers/STM32L4xx_HAL_Driver/Src/stm32l4xx_hal_flash.o
 .debug_rnglists
                0x00000408       0x71 ./Drivers/STM32L4xx_HAL_Driver/Src/stm32l4xx_hal_flash_ex.o
 .debug_rnglists
                0x00000479       0x3f ./Drivers/STM32L4xx_HAL_Driver/Src/stm32l4xx_hal_gpio.o
 .debug_rnglists
                0x000004b8       0xfd ./Drivers/STM32L4xx_HAL_Driver/Src/stm32l4xx_hal_pwr_ex.o
 .debug_rnglists
                0x000005b5       0x6d ./Drivers/STM32L4xx_HAL_Driver/Src/stm32l4xx_hal_rcc.o
 .debug_rnglists
                0x00000622       0xce ./Drivers/STM32L4xx_HAL_Driver/Src/stm32l4xx_hal_rcc_ex.o
 .debug_rnglists
                0x000006f0      0x1db ./Drivers/STM32L4xx_HAL_Driver/Src/stm32l4xx_hal_uart.o

.debug_macro    0x00000000    0x28e34
 .debug_macro   0x00000000      0x1d8 ./Core/Src/common.o
 .debug_macro   0x000001d8      0xad8 ./Core/Src/common.o
 .debug_macro   0x00000cb0       0x2e ./Core/Src/common.o
 .debug_macro   0x00000cde       0x28 ./Core/Src/common.o
 .debug_macro   0x00000d06       0x22 ./Core/Src/common.o
 .debug_macro   0x00000d28       0x8e ./Core/Src/common.o
 .debug_macro   0x00000db6       0x51 ./Core/Src/common.o
 .debug_macro   0x00000e07      0x103 ./Core/Src/common.o
 .debug_macro   0x00000f0a       0x6a ./Core/Src/common.o
 .debug_macro   0x00000f74      0x1df ./Core/Src/common.o
 .debug_macro   0x00001153       0x1c ./Core/Src/common.o
 .debug_macro   0x0000116f       0x22 ./Core/Src/common.o
 .debug_macro   0x00001191       0xfb ./Core/Src/common.o
 .debug_macro   0x0000128c     0x1011 ./Core/Src/common.o
 .debug_macro   0x0000229d      0x11f ./Core/Src/common.o
 .debug_macro   0x000023bc    0x1c8c1 ./Core/Src/common.o
 .debug_macro   0x0001ec7d       0x6d ./Core/Src/common.o
 .debug_macro   0x0001ecea      0x1a7 ./Core/Src/common.o
 .debug_macro   0x0001ee91     0x38fb ./Core/Src/common.o
 .debug_macro   0x0002278c      0x190 ./Core/Src/common.o
 .debug_macro   0x0002291c       0x5c ./Core/Src/common.o
 .debug_macro   0x00022978     0x1909 ./Core/Src/common.o
 .debug_macro   0x00024281      0x773 ./Core/Src/common.o
 .debug_macro   0x000249f4      0x1b9 ./Core/Src/common.o
 .debug_macro   0x00024bad      0x202 ./Core/Src/common.o
 .debug_macro   0x00024daf      0x26b ./Core/Src/common.o
 .debug_macro   0x0002501a      0x23d ./Core/Src/common.o
 .debug_macro   0x00025257       0xc7 ./Core/Src/common.o
 .debug_macro   0x0002531e       0x4c ./Core/Src/common.o
 .debug_macro   0x0002536a      0x241 ./Core/Src/common.o
 .debug_macro   0x000255ab      0x3ad ./Core/Src/common.o
 .debug_macro   0x00025958       0xe4 ./Core/Src/common.o
 .debug_macro   0x00025a3c      0x122 ./Core/Src/common.o
 .debug_macro   0x00025b5e      0x3ef ./Core/Src/common.o
 .debug_macro   0x00025f4d      0x5cf ./Core/Src/common.o
 .debug_macro   0x0002651c       0x44 ./Core/Src/common.o
 .debug_macro   0x00026560      0x433 ./Core/Src/common.o
 .debug_macro   0x00026993       0x40 ./Core/Src/common.o
 .debug_macro   0x000269d3       0x16 ./Core/Src/common.o
 .debug_macro   0x000269e9      0x1e1 ./Core/Src/flash_if.o
 .debug_macro   0x00026bca       0x2e ./Core/Src/flash_if.o
 .debug_macro   0x00026bf8      0x1eb ./Core/Src/main.o
 .debug_macro   0x00026de3       0x10 ./Core/Src/main.o
 .debug_macro   0x00026df3       0x34 ./Core/Src/main.o
 .debug_macro   0x00026e27       0x9a ./Core/Src/main.o
 .debug_macro   0x00026ec1      0x1fc ./Core/Src/menu.o
 .debug_macro   0x000270bd       0x46 ./Core/Src/menu.o
 .debug_macro   0x00027103      0x1cf ./Core/Src/stm32l4xx_hal_msp.o
 .debug_macro   0x000272d2      0x1d9 ./Core/Src/stm32l4xx_it.o
 .debug_macro   0x000274ab      0x1c0 ./Core/Src/system_stm32l4xx.o
 .debug_macro   0x0002766b      0x2d0 ./Core/Src/ymodem.o
 .debug_macro   0x0002793b       0x61 ./Core/Src/ymodem.o
 .debug_macro   0x0002799c       0x10 ./Core/Src/ymodem.o
 .debug_macro   0x000279ac       0x20 ./Core/Src/ymodem.o
 .debug_macro   0x000279cc      0x20e ./Drivers/STM32L4xx_HAL_Driver/Src/stm32l4xx_hal.o
 .debug_macro   0x00027bda      0x1c0 ./Drivers/STM32L4xx_HAL_Driver/Src/stm32l4xx_hal_cortex.o
 .debug_macro   0x00027d9a      0x1c0 ./Drivers/STM32L4xx_HAL_Driver/Src/stm32l4xx_hal_crc.o
 .debug_macro   0x00027f5a      0x1c0 ./Drivers/STM32L4xx_HAL_Driver/Src/stm32l4xx_hal_crc_ex.o
 .debug_macro   0x0002811a      0x1c6 ./Drivers/STM32L4xx_HAL_Driver/Src/stm32l4xx_hal_flash.o
 .debug_macro   0x000282e0      0x1c0 ./Drivers/STM32L4xx_HAL_Driver/Src/stm32l4xx_hal_flash_ex.o
 .debug_macro   0x000284a0      0x1c7 ./Drivers/STM32L4xx_HAL_Driver/Src/stm32l4xx_hal_gpio.o
 .debug_macro   0x00028667      0x1ea ./Drivers/STM32L4xx_HAL_Driver/Src/stm32l4xx_hal_pwr_ex.o
 .debug_macro   0x00028851      0x202 ./Drivers/STM32L4xx_HAL_Driver/Src/stm32l4xx_hal_rcc.o
 .debug_macro   0x00028a53      0x1f6 ./Drivers/STM32L4xx_HAL_Driver/Src/stm32l4xx_hal_rcc_ex.o
 .debug_macro   0x00028c49      0x1eb ./Drivers/STM32L4xx_HAL_Driver/Src/stm32l4xx_hal_uart.o

.debug_line     0x00000000     0xefc3
 .debug_line    0x00000000      0x880 ./Core/Src/common.o
 .debug_line    0x00000880      0x902 ./Core/Src/flash_if.o
 .debug_line    0x00001182      0x7da ./Core/Src/main.o
 .debug_line    0x0000195c      0x801 ./Core/Src/menu.o
 .debug_line    0x0000215d      0x743 ./Core/Src/stm32l4xx_hal_msp.o
 .debug_line    0x000028a0      0x753 ./Core/Src/stm32l4xx_it.o
 .debug_line    0x00002ff3      0x742 ./Core/Src/system_stm32l4xx.o
 .debug_line    0x00003735      0xda1 ./Core/Src/ymodem.o
 .debug_line    0x000044d6       0x7a ./Core/Startup/startup_stm32l4a6zgtx.o
 .debug_line    0x00004550      0xaaa ./Drivers/STM32L4xx_HAL_Driver/Src/stm32l4xx_hal.o
 .debug_line    0x00004ffa      0xc45 ./Drivers/STM32L4xx_HAL_Driver/Src/stm32l4xx_hal_cortex.o
 .debug_line    0x00005c3f      0x963 ./Drivers/STM32L4xx_HAL_Driver/Src/stm32l4xx_hal_crc.o
 .debug_line    0x000065a2      0x761 ./Drivers/STM32L4xx_HAL_Driver/Src/stm32l4xx_hal_crc_ex.o
 .debug_line    0x00006d03      0xa29 ./Drivers/STM32L4xx_HAL_Driver/Src/stm32l4xx_hal_flash.o
 .debug_line    0x0000772c      0xcec ./Drivers/STM32L4xx_HAL_Driver/Src/stm32l4xx_hal_flash_ex.o
 .debug_line    0x00008418      0xae6 ./Drivers/STM32L4xx_HAL_Driver/Src/stm32l4xx_hal_gpio.o
 .debug_line    0x00008efe      0xc66 ./Drivers/STM32L4xx_HAL_Driver/Src/stm32l4xx_hal_pwr_ex.o
 .debug_line    0x00009b64     0x1057 ./Drivers/STM32L4xx_HAL_Driver/Src/stm32l4xx_hal_rcc.o
 .debug_line    0x0000abbb     0x173b ./Drivers/STM32L4xx_HAL_Driver/Src/stm32l4xx_hal_rcc_ex.o
 .debug_line    0x0000c2f6     0x2ccd ./Drivers/STM32L4xx_HAL_Driver/Src/stm32l4xx_hal_uart.o

.debug_str      0x00000000    0xf93f3
 .debug_str     0x00000000    0xf93f3 ./Core/Src/common.o
                              0xf2353 (size before relaxing)
 .debug_str     0x000f93f3    0xf223d ./Core/Src/flash_if.o
 .debug_str     0x000f93f3    0xf2aac ./Core/Src/main.o
 .debug_str     0x000f93f3    0xf2996 ./Core/Src/menu.o
 .debug_str     0x000f93f3    0xf274d ./Core/Src/stm32l4xx_hal_msp.o
 .debug_str     0x000f93f3    0xf1d18 ./Core/Src/stm32l4xx_it.o
 .debug_str     0x000f93f3    0xf1e85 ./Core/Src/system_stm32l4xx.o
 .debug_str     0x000f93f3    0xf5d92 ./Core/Src/ymodem.o
 .debug_str     0x000f93f3       0x83 ./Core/Startup/startup_stm32l4a6zgtx.o
 .debug_str     0x000f93f3    0xf2a9b ./Drivers/STM32L4xx_HAL_Driver/Src/stm32l4xx_hal.o
 .debug_str     0x000f93f3    0xf276e ./Drivers/STM32L4xx_HAL_Driver/Src/stm32l4xx_hal_cortex.o
 .debug_str     0x000f93f3    0xf1f35 ./Drivers/STM32L4xx_HAL_Driver/Src/stm32l4xx_hal_crc.o
 .debug_str     0x000f93f3    0xf1eef ./Drivers/STM32L4xx_HAL_Driver/Src/stm32l4xx_hal_crc_ex.o
 .debug_str     0x000f93f3    0xf2124 ./Drivers/STM32L4xx_HAL_Driver/Src/stm32l4xx_hal_flash.o
 .debug_str     0x000f93f3    0xf2188 ./Drivers/STM32L4xx_HAL_Driver/Src/stm32l4xx_hal_flash_ex.o
 .debug_str     0x000f93f3    0xf1fff ./Drivers/STM32L4xx_HAL_Driver/Src/stm32l4xx_hal_gpio.o
 .debug_str     0x000f93f3    0xf23d4 ./Drivers/STM32L4xx_HAL_Driver/Src/stm32l4xx_hal_pwr_ex.o
 .debug_str     0x000f93f3    0xf24d2 ./Drivers/STM32L4xx_HAL_Driver/Src/stm32l4xx_hal_rcc.o
 .debug_str     0x000f93f3    0xf286d ./Drivers/STM32L4xx_HAL_Driver/Src/stm32l4xx_hal_rcc_ex.o
 .debug_str     0x000f93f3    0xf2bdd ./Drivers/STM32L4xx_HAL_Driver/Src/stm32l4xx_hal_uart.o

.comment        0x00000000       0x43
 .comment       0x00000000       0x43 ./Core/Src/common.o
                                 0x44 (size before relaxing)
 .comment       0x00000043       0x44 ./Core/Src/flash_if.o
 .comment       0x00000043       0x44 ./Core/Src/main.o
 .comment       0x00000043       0x44 ./Core/Src/menu.o
 .comment       0x00000043       0x44 ./Core/Src/stm32l4xx_hal_msp.o
 .comment       0x00000043       0x44 ./Core/Src/stm32l4xx_it.o
 .comment       0x00000043       0x44 ./Core/Src/system_stm32l4xx.o
 .comment       0x00000043       0x44 ./Core/Src/ymodem.o
 .comment       0x00000043       0x44 ./Drivers/STM32L4xx_HAL_Driver/Src/stm32l4xx_hal.o
 .comment       0x00000043       0x44 ./Drivers/STM32L4xx_HAL_Driver/Src/stm32l4xx_hal_cortex.o
 .comment       0x00000043       0x44 ./Drivers/STM32L4xx_HAL_Driver/Src/stm32l4xx_hal_crc.o
 .comment       0x00000043       0x44 ./Drivers/STM32L4xx_HAL_Driver/Src/stm32l4xx_hal_crc_ex.o
 .comment       0x00000043       0x44 ./Drivers/STM32L4xx_HAL_Driver/Src/stm32l4xx_hal_flash.o
 .comment       0x00000043       0x44 ./Drivers/STM32L4xx_HAL_Driver/Src/stm32l4xx_hal_flash_ex.o
 .comment       0x00000043       0x44 ./Drivers/STM32L4xx_HAL_Driver/Src/stm32l4xx_hal_gpio.o
 .comment       0x00000043       0x44 ./Drivers/STM32L4xx_HAL_Driver/Src/stm32l4xx_hal_pwr_ex.o
 .comment       0x00000043       0x44 ./Drivers/STM32L4xx_HAL_Driver/Src/stm32l4xx_hal_rcc.o
 .comment       0x00000043       0x44 ./Drivers/STM32L4xx_HAL_Driver/Src/stm32l4xx_hal_rcc_ex.o
 .comment       0x00000043       0x44 ./Drivers/STM32L4xx_HAL_Driver/Src/stm32l4xx_hal_uart.o

.debug_frame    0x00000000     0x2d2c
 .debug_frame   0x00000000       0xa8 ./Core/Src/common.o
 .debug_frame   0x000000a8       0xc0 ./Core/Src/flash_if.o
 .debug_frame   0x00000168       0x90 ./Core/Src/main.o
 .debug_frame   0x000001f8       0x78 ./Core/Src/menu.o
 .debug_frame   0x00000270       0xd4 ./Core/Src/stm32l4xx_hal_msp.o
 .debug_frame   0x00000344      0x104 ./Core/Src/stm32l4xx_it.o
 .debug_frame   0x00000448       0x58 ./Core/Src/system_stm32l4xx.o
 .debug_frame   0x000004a0      0x144 ./Core/Src/ymodem.o
 .debug_frame   0x000005e4      0x498 ./Drivers/STM32L4xx_HAL_Driver/Src/stm32l4xx_hal.o
 .debug_frame   0x00000a7c      0x4e8 ./Drivers/STM32L4xx_HAL_Driver/Src/stm32l4xx_hal_cortex.o
 .debug_frame   0x00000f64      0x168 ./Drivers/STM32L4xx_HAL_Driver/Src/stm32l4xx_hal_crc.o
 .debug_frame   0x000010cc       0x88 ./Drivers/STM32L4xx_HAL_Driver/Src/stm32l4xx_hal_crc_ex.o
 .debug_frame   0x00001154      0x204 ./Drivers/STM32L4xx_HAL_Driver/Src/stm32l4xx_hal_flash.o
 .debug_frame   0x00001358      0x24c ./Drivers/STM32L4xx_HAL_Driver/Src/stm32l4xx_hal_flash_ex.o
 .debug_frame   0x000015a4      0x14c ./Drivers/STM32L4xx_HAL_Driver/Src/stm32l4xx_hal_gpio.o
 .debug_frame   0x000016f0      0x544 ./Drivers/STM32L4xx_HAL_Driver/Src/stm32l4xx_hal_pwr_ex.o
 .debug_frame   0x00001c34      0x21c ./Drivers/STM32L4xx_HAL_Driver/Src/stm32l4xx_hal_rcc.o
 .debug_frame   0x00001e50      0x43c ./Drivers/STM32L4xx_HAL_Driver/Src/stm32l4xx_hal_rcc_ex.o
 .debug_frame   0x0000228c      0x9f4 ./Drivers/STM32L4xx_HAL_Driver/Src/stm32l4xx_hal_uart.o
 .debug_frame   0x00002c80       0x20 /home/ryan/st/stm32cubeide_1.18.0/plugins/com.st.stm32cube.ide.mcu.externaltools.gnu-tools-for-stm32.13.3.rel1.linux64_1.0.0.202410170706/tools/bin/../lib/gcc/arm-none-eabi/13.3.1/../../../../arm-none-eabi/lib/thumb/v7e-m+fp/hard/libc_nano.a(libc_a-memset.o)
 .debug_frame   0x00002ca0       0x2c /home/ryan/st/stm32cubeide_1.18.0/plugins/com.st.stm32cube.ide.mcu.externaltools.gnu-tools-for-stm32.13.3.rel1.linux64_1.0.0.202410170706/tools/bin/../lib/gcc/arm-none-eabi/13.3.1/../../../../arm-none-eabi/lib/thumb/v7e-m+fp/hard/libc_nano.a(libc_a-init.o)
 .debug_frame   0x00002ccc       0x2c /home/ryan/st/stm32cubeide_1.18.0/plugins/com.st.stm32cube.ide.mcu.externaltools.gnu-tools-for-stm32.13.3.rel1.linux64_1.0.0.202410170706/tools/bin/../lib/gcc/arm-none-eabi/13.3.1/thumb/v7e-m+fp/hard/libgcc.a(_aeabi_uldivmod.o)
 .debug_frame   0x00002cf8       0x34 /home/ryan/st/stm32cubeide_1.18.0/plugins/com.st.stm32cube.ide.mcu.externaltools.gnu-tools-for-stm32.13.3.rel1.linux64_1.0.0.202410170706/tools/bin/../lib/gcc/arm-none-eabi/13.3.1/thumb/v7e-m+fp/hard/libgcc.a(_udivmoddi4.o)

.debug_line_str
                0x00000000       0x67
 .debug_line_str
                0x00000000       0x67 ./Core/Startup/startup_stm32l4a6zgtx.o
