Archive member included to satisfy reference by file (symbol)

/home/ryan/st/stm32cubeide_1.18.0/plugins/com.st.stm32cube.ide.mcu.externaltools.gnu-tools-for-stm32.13.3.rel1.linux64_1.0.0.202410170706/tools/bin/../lib/gcc/arm-none-eabi/13.3.1/../../../../arm-none-eabi/lib/thumb/v7e-m+fp/hard/libc.a(libc_a-exit.o)
                              /home/ryan/st/stm32cubeide_1.18.0/plugins/com.st.stm32cube.ide.mcu.externaltools.gnu-tools-for-stm32.13.3.rel1.linux64_1.0.0.202410170706/tools/bin/../lib/gcc/arm-none-eabi/13.3.1/../../../../arm-none-eabi/lib/thumb/v7e-m+fp/hard/crt0.o (exit)
/home/ryan/st/stm32cubeide_1.18.0/plugins/com.st.stm32cube.ide.mcu.externaltools.gnu-tools-for-stm32.13.3.rel1.linux64_1.0.0.202410170706/tools/bin/../lib/gcc/arm-none-eabi/13.3.1/../../../../arm-none-eabi/lib/thumb/v7e-m+fp/hard/libc.a(libc_a-findfp.o)
                              /home/ryan/st/stm32cubeide_1.18.0/plugins/com.st.stm32cube.ide.mcu.externaltools.gnu-tools-for-stm32.13.3.rel1.linux64_1.0.0.202410170706/tools/bin/../lib/gcc/arm-none-eabi/13.3.1/../../../../arm-none-eabi/lib/thumb/v7e-m+fp/hard/libc.a(libc_a-exit.o) (__stdio_exit_handler)
/home/ryan/st/stm32cubeide_1.18.0/plugins/com.st.stm32cube.ide.mcu.externaltools.gnu-tools-for-stm32.13.3.rel1.linux64_1.0.0.202410170706/tools/bin/../lib/gcc/arm-none-eabi/13.3.1/../../../../arm-none-eabi/lib/thumb/v7e-m+fp/hard/libc.a(libc_a-fwalk.o)
                              /home/ryan/st/stm32cubeide_1.18.0/plugins/com.st.stm32cube.ide.mcu.externaltools.gnu-tools-for-stm32.13.3.rel1.linux64_1.0.0.202410170706/tools/bin/../lib/gcc/arm-none-eabi/13.3.1/../../../../arm-none-eabi/lib/thumb/v7e-m+fp/hard/libc.a(libc_a-findfp.o) (_fwalk_sglue)
/home/ryan/st/stm32cubeide_1.18.0/plugins/com.st.stm32cube.ide.mcu.externaltools.gnu-tools-for-stm32.13.3.rel1.linux64_1.0.0.202410170706/tools/bin/../lib/gcc/arm-none-eabi/13.3.1/../../../../arm-none-eabi/lib/thumb/v7e-m+fp/hard/libc.a(libc_a-stdio.o)
                              /home/ryan/st/stm32cubeide_1.18.0/plugins/com.st.stm32cube.ide.mcu.externaltools.gnu-tools-for-stm32.13.3.rel1.linux64_1.0.0.202410170706/tools/bin/../lib/gcc/arm-none-eabi/13.3.1/../../../../arm-none-eabi/lib/thumb/v7e-m+fp/hard/libc.a(libc_a-findfp.o) (__sread)
/home/ryan/st/stm32cubeide_1.18.0/plugins/com.st.stm32cube.ide.mcu.externaltools.gnu-tools-for-stm32.13.3.rel1.linux64_1.0.0.202410170706/tools/bin/../lib/gcc/arm-none-eabi/13.3.1/../../../../arm-none-eabi/lib/thumb/v7e-m+fp/hard/libc.a(libc_a-memset.o)
                              /home/ryan/st/stm32cubeide_1.18.0/plugins/com.st.stm32cube.ide.mcu.externaltools.gnu-tools-for-stm32.13.3.rel1.linux64_1.0.0.202410170706/tools/bin/../lib/gcc/arm-none-eabi/13.3.1/../../../../arm-none-eabi/lib/thumb/v7e-m+fp/hard/crt0.o (memset)
/home/ryan/st/stm32cubeide_1.18.0/plugins/com.st.stm32cube.ide.mcu.externaltools.gnu-tools-for-stm32.13.3.rel1.linux64_1.0.0.202410170706/tools/bin/../lib/gcc/arm-none-eabi/13.3.1/../../../../arm-none-eabi/lib/thumb/v7e-m+fp/hard/libc.a(libc_a-closer.o)
                              /home/ryan/st/stm32cubeide_1.18.0/plugins/com.st.stm32cube.ide.mcu.externaltools.gnu-tools-for-stm32.13.3.rel1.linux64_1.0.0.202410170706/tools/bin/../lib/gcc/arm-none-eabi/13.3.1/../../../../arm-none-eabi/lib/thumb/v7e-m+fp/hard/libc.a(libc_a-stdio.o) (_close_r)
/home/ryan/st/stm32cubeide_1.18.0/plugins/com.st.stm32cube.ide.mcu.externaltools.gnu-tools-for-stm32.13.3.rel1.linux64_1.0.0.202410170706/tools/bin/../lib/gcc/arm-none-eabi/13.3.1/../../../../arm-none-eabi/lib/thumb/v7e-m+fp/hard/libc.a(libc_a-reent.o)
                              /home/ryan/st/stm32cubeide_1.18.0/plugins/com.st.stm32cube.ide.mcu.externaltools.gnu-tools-for-stm32.13.3.rel1.linux64_1.0.0.202410170706/tools/bin/../lib/gcc/arm-none-eabi/13.3.1/../../../../arm-none-eabi/lib/thumb/v7e-m+fp/hard/libc.a(libc_a-closer.o) (errno)
/home/ryan/st/stm32cubeide_1.18.0/plugins/com.st.stm32cube.ide.mcu.externaltools.gnu-tools-for-stm32.13.3.rel1.linux64_1.0.0.202410170706/tools/bin/../lib/gcc/arm-none-eabi/13.3.1/../../../../arm-none-eabi/lib/thumb/v7e-m+fp/hard/libc.a(libc_a-impure.o)
                              /home/ryan/st/stm32cubeide_1.18.0/plugins/com.st.stm32cube.ide.mcu.externaltools.gnu-tools-for-stm32.13.3.rel1.linux64_1.0.0.202410170706/tools/bin/../lib/gcc/arm-none-eabi/13.3.1/../../../../arm-none-eabi/lib/thumb/v7e-m+fp/hard/libc.a(libc_a-reent.o) (_impure_ptr)
/home/ryan/st/stm32cubeide_1.18.0/plugins/com.st.stm32cube.ide.mcu.externaltools.gnu-tools-for-stm32.13.3.rel1.linux64_1.0.0.202410170706/tools/bin/../lib/gcc/arm-none-eabi/13.3.1/../../../../arm-none-eabi/lib/thumb/v7e-m+fp/hard/libc.a(libc_a-lseekr.o)
                              /home/ryan/st/stm32cubeide_1.18.0/plugins/com.st.stm32cube.ide.mcu.externaltools.gnu-tools-for-stm32.13.3.rel1.linux64_1.0.0.202410170706/tools/bin/../lib/gcc/arm-none-eabi/13.3.1/../../../../arm-none-eabi/lib/thumb/v7e-m+fp/hard/libc.a(libc_a-stdio.o) (_lseek_r)
[...]
Memory Configuration

Name             Origin             Length             Attributes
RAM              0x20000000         0x00050000         xrw
RAM2             0x10000000         0x00010000         xrw
FLASH            0x08000000         0x00100000         xr
*default*        0x00000000         0xffffffff

Linker script and memory map

LOAD /home/ryan/st/stm32cubeide_1.18.0/plugins/com.st.stm32cube.ide.mcu.externaltools.gnu-tools-for-stm32.13.3.rel1.linux64_1.0.0.202410170706/tools/bin/../lib/gcc/arm-none-eabi/13.3.1/thumb/v7e-m+fp/hard/crti.o
LOAD /home/ryan/st/stm32cubeide_1.18.0/plugins/com.st.stm32cube.ide.mcu.externaltools.gnu-tools-for-stm32.13.3.rel1.linux64_1.0.0.202410170706/tools/bin/../lib/gcc/arm-none-eabi/13.3.1/thumb/v7e-m+fp/hard/crtbegin.o
LOAD /home/ryan/st/stm32cubeide_1.18.0/plugins/com.st.stm32cube.ide.mcu.externaltools.gnu-tools-for-stm32.13.3.rel1.linux64_1.0.0.202410170706/tools/bin/../lib/gcc/arm-none-eabi/13.3.1/../../../../arm-none-eabi/lib/thumb/v7e-m+fp/hard/crt0.o
LOAD ./Core/Src/main.o
LOAD ./Core/Src/stm32l4xx_hal_msp.o
LOAD ./Core/Src/stm32l4xx_it.o
LOAD ./Core/Src/syscalls.o
LOAD ./Core/Src/system_stm32l4xx.o
LOAD ./Core/Startup/startup_stm32l4a6zgtx.o
LOAD ./Drivers/STM32L4xx_HAL_Driver/Src/stm32l4xx_hal.o
LOAD ./Drivers/STM32L4xx_HAL_Driver/Src/stm32l4xx_hal_cortex.o
LOAD ./Drivers/STM32L4xx_HAL_Driver/Src/stm32l4xx_hal_crc.o
LOAD ./Drivers/STM32L4xx_HAL_Driver/Src/stm32l4xx_hal_crc_ex.o
LOAD ./Drivers/STM32L4xx_HAL_Driver/Src/stm32l4xx_hal_dma.o
LOAD ./Drivers/STM32L4xx_HAL_Driver/Src/stm32l4xx_hal_dma_ex.o
LOAD ./Drivers/STM32L4xx_HAL_Driver/Src/stm32l4xx_hal_exti.o
LOAD ./Drivers/STM32L4xx_HAL_Driver/Src/stm32l4xx_hal_flash.o
LOAD ./Drivers/STM32L4xx_HAL_Driver/Src/stm32l4xx_hal_flash_ex.o
LOAD ./Drivers/STM32L4xx_HAL_Driver/Src/stm32l4xx_hal_flash_ramfunc.o
LOAD ./Drivers/STM32L4xx_HAL_Driver/Src/stm32l4xx_hal_gpio.o
LOAD ./Drivers/STM32L4xx_HAL_Driver/Src/stm32l4xx_hal_i2c.o
LOAD ./Drivers/STM32L4xx_HAL_Driver/Src/stm32l4xx_hal_i2c_ex.o
LOAD ./Drivers/STM32L4xx_HAL_Driver/Src/stm32l4xx_hal_pwr.o
LOAD ./Drivers/STM32L4xx_HAL_Driver/Src/stm32l4xx_hal_pwr_ex.o
LOAD ./Drivers/STM32L4xx_HAL_Driver/Src/stm32l4xx_hal_rcc.o
LOAD ./Drivers/STM32L4xx_HAL_Driver/Src/stm32l4xx_hal_rcc_ex.o
LOAD ./Drivers/STM32L4xx_HAL_Driver/Src/stm32l4xx_hal_tim.o
LOAD ./Drivers/STM32L4xx_HAL_Driver/Src/stm32l4xx_hal_tim_ex.o
LOAD ./Drivers/STM32L4xx_HAL_Driver/Src/stm32l4xx_hal_uart.o
LOAD ./Drivers/STM32L4xx_HAL_Driver/Src/stm32l4xx_hal_uart_ex.o
START GROUP
END GROUP
START GROUP
LOAD /home/ryan/st/stm32cubeide_1.18.0/plugins/com.st.stm32cube.ide.mcu.externaltools.gnu-tools-for-stm32.13.3.rel1.linux64_1.0.0.202410170706/tools/bin/../lib/gcc/arm-none-eabi/13.3.1/../../../../arm-none-eabi/lib/thumb/v7e-m+fp/hard/libc.a
LOAD /home/ryan/st/stm32cubeide_1.18.0/plugins/com.st.stm32cube.ide.mcu.externaltools.gnu-tools-for-stm32.13.3.rel1.linux64_1.0.0.202410170706/tools/bin/../lib/gcc/arm-none-eabi/13.3.1/../../../../arm-none-eabi/lib/thumb/v7e-m+fp/hard/libm.a
END GROUP
START GROUP
LOAD /home/ryan/st/stm32cubeide_1.18.0/plugins/com.st.stm32cube.ide.mcu.externaltools.gnu-tools-for-stm32.13.3.rel1.linux64_1.0.0.202410170706/tools/bin/../lib/gcc/arm-none-eabi/13.3.1/thumb/v7e-m+fp/hard/libgcc.a
LOAD /home/ryan/st/stm32cubeide_1.18.0/plugins/com.st.stm32cube.ide.mcu.externaltools.gnu-tools-for-stm32.13.3.rel1.linux64_1.0.0.202410170706/tools/bin/../lib/gcc/arm-none-eabi/13.3.1/../../../../arm-none-eabi/lib/thumb/v7e-m+fp/hard/libc.a
END GROUP
START GROUP
LOAD /home/ryan/st/stm32cubeide_1.18.0/plugins/com.st.stm32cube.ide.mcu.externaltools.gnu-tools-for-stm32.13.3.rel1.linux64_1.0.0.202410170706/tools/bin/../lib/gcc/arm-none-eabi/13.3.1/thumb/v7e-m+fp/hard/libgcc.a
LOAD /home/ryan/st/stm32cubeide_1.18.0/plugins/com.st.stm32cube.ide.mcu.externaltools.gnu-tools-for-stm32.13.3.rel1.linux64_1.0.0.202410170706/tools/bin/../lib/gcc/arm-none-eabi/13.3.1/../../../../arm-none-eabi/lib/thumb/v7e-m+fp/hard/libc.a
LOAD /home/ryan/st/stm32cubeide_1.18.0/plugins/com.st.stm32cube.ide.mcu.externaltools.gnu-tools-for-stm32.13.3.rel1.linux64_1.0.0.202410170706/tools/bin/../lib/gcc/arm-none-eabi/13.3.1/../../../../arm-none-eabi/lib/thumb/v7e-m+fp/hard/libnosys.a
END GROUP
LOAD /home/ryan/st/stm32cubeide_1.18.0/plugins/com.st.stm32cube.ide.mcu.externaltools.gnu-tools-for-stm32.13.3.rel1.linux64_1.0.0.202410170706/tools/bin/../lib/gcc/arm-none-eabi/13.3.1/thumb/v7e-m+fp/hard/crtend.o
LOAD /home/ryan/st/stm32cubeide_1.18.0/plugins/com.st.stm32cube.ide.mcu.externaltools.gnu-tools-for-stm32.13.3.rel1.linux64_1.0.0.202410170706/tools/bin/../lib/gcc/arm-none-eabi/13.3.1/thumb/v7e-m+fp/hard/crtn.o
                0x20050000                        _estack = (ORIGIN (RAM) + LENGTH (RAM))
                0x00000200                        _Min_Heap_Size = 0x200
                0x00000400                        _Min_Stack_Size = 0x400

.isr_vector     0x08000000      0x1ac
                0x08000000                        . = ALIGN (0x4)
 *(.isr_vector)
 .isr_vector    0x08000000      0x1ac ./Core/Startup/startup_stm32l4a6zgtx.o
                0x08000000                g_pfnVectors
                0x080001ac                        . = ALIGN (0x4)

.text           0x080001ac     0x13ec
                0x080001ac                        . = ALIGN (0x4)
 *(.text)
 .text          0x080001ac       0x40 /home/ryan/st/stm32cubeide_1.18.0/plugins/com.st.stm32cube.ide.mcu.externaltools.gnu-tools-for-stm32.13.3.rel1.linux64_1.0.0.202410170706/tools/bin/../lib/gcc/arm-none-eabi/13.3.1/thumb/v7e-m+fp/hard/crtbegin.o
 *(.text*)
 .text.TestFunction
                0x080001ec       0x2c ./Core/Src/main.o
                0x080001ec                TestFunction
 .text.main     0x08000218      0x104 ./Core/Src/main.o
                0x08000218                main
 .text.SystemClock_Config
                0x0800031c       0x8c ./Core/Src/main.o
                0x0800031c                SystemClock_Config
 .text.Error_Handler
                0x080003a8        0xc ./Core/Src/main.o
                0x080003a8                Error_Handler
 .text.HAL_MspInit
                0x080003b4       0x48 ./Core/Src/stm32l4xx_hal_msp.o
                0x080003b4                HAL_MspInit
 .text.NMI_Handler
                0x080003fc        0x8 ./Core/Src/stm32l4xx_it.o
                0x080003fc                NMI_Handler
 .text.HardFault_Handler
                0x08000404        0x8 ./Core/Src/stm32l4xx_it.o
                0x08000404                HardFault_Handler
 .text.MemManage_Handler
                0x0800040c        0x8 ./Core/Src/stm32l4xx_it.o
                0x0800040c                MemManage_Handler
 .text.BusFault_Handler
                0x08000414        0x8 ./Core/Src/stm32l4xx_it.o
                0x08000414                BusFault_Handler
 .text.UsageFault_Handler
                0x0800041c        0x8 ./Core/Src/stm32l4xx_it.o
                0x0800041c                UsageFault_Handler
 .text.SVC_Handler
                0x08000424        0xe ./Core/Src/stm32l4xx_it.o
                0x08000424                SVC_Handler
 .text.DebugMon_Handler
                0x08000432        0xe ./Core/Src/stm32l4xx_it.o
                0x08000432                DebugMon_Handler
 .text.PendSV_Handler
                0x08000440        0xe ./Core/Src/stm32l4xx_it.o
                0x08000440                PendSV_Handler
 .text.SysTick_Handler
                0x0800044e        0xc ./Core/Src/stm32l4xx_it.o
                0x0800044e                SysTick_Handler
 *fill*         0x0800045a        0x2 
 .text.SystemInit
                0x0800045c       0x24 ./Core/Src/system_stm32l4xx.o
                0x0800045c                SystemInit
 .text.Reset_Handler
                0x08000480       0x50 ./Core/Startup/startup_stm32l4a6zgtx.o
                0x08000480                Reset_Handler
 .text.Default_Handler
                0x080004d0        0x2 ./Core/Startup/startup_stm32l4a6zgtx.o
                0x080004d0                RTC_Alarm_IRQHandler
                0x080004d0                HASH_RNG_IRQHandler
                0x080004d0                EXTI2_IRQHandler
                0x080004d0                TIM8_TRG_COM_IRQHandler
                0x080004d0                TIM8_CC_IRQHandler
                0x080004d0                TIM1_CC_IRQHandler
                0x080004d0                TSC_IRQHandler
                0x080004d0                TAMP_STAMP_IRQHandler
                0x080004d0                CAN2_RX1_IRQHandler
                0x080004d0                EXTI3_IRQHandler
                0x080004d0                LPTIM2_IRQHandler
                0x080004d0                DFSDM1_FLT1_IRQHandler
                0x080004d0                I2C3_ER_IRQHandler
                0x080004d0                DFSDM1_FLT2_IRQHandler
                0x080004d0                EXTI0_IRQHandler
                0x080004d0                I2C2_EV_IRQHandler
                0x080004d0                CAN1_RX0_IRQHandler
                0x080004d0                FPU_IRQHandler
                0x080004d0                TIM1_UP_TIM16_IRQHandler
                0x080004d0                CAN2_SCE_IRQHandler
                0x080004d0                ADC1_2_IRQHandler
                0x080004d0                SPI1_IRQHandler
                0x080004d0                TIM6_DAC_IRQHandler
                0x080004d0                DCMI_IRQHandler
                0x080004d0                CAN2_RX0_IRQHandler
                0x080004d0                TIM8_UP_IRQHandler
                0x080004d0                DMA2_Channel2_IRQHandler
                0x080004d0                DMA1_Channel4_IRQHandler
                0x080004d0                SAI2_IRQHandler
                0x080004d0                DFSDM1_FLT3_IRQHandler
                0x080004d0                USART3_IRQHandler
                0x080004d0                DMA1_Channel7_IRQHandler
                0x080004d0                CAN1_RX1_IRQHandler
                0x080004d0                LCD_IRQHandler
                0x080004d0                UART5_IRQHandler
                0x080004d0                ADC3_IRQHandler
                0x080004d0                TIM4_IRQHandler
                0x080004d0                DMA2_Channel1_IRQHandler
                0x080004d0                QUADSPI_IRQHandler
                0x080004d0                I2C1_EV_IRQHandler
                0x080004d0                DMA1_Channel6_IRQHandler
                0x080004d0                UART4_IRQHandler
                0x080004d0                DMA2_Channel4_IRQHandler
                0x080004d0                TIM3_IRQHandler
                0x080004d0                RCC_IRQHandler
                0x080004d0                DMA1_Channel1_IRQHandler
                0x080004d0                Default_Handler
                0x080004d0                DMA2_Channel7_IRQHandler
                0x080004d0                EXTI15_10_IRQHandler
                0x080004d0                TIM7_IRQHandler
                0x080004d0                SDMMC1_IRQHandler
                0x080004d0                CAN2_TX_IRQHandler
                0x080004d0                TIM5_IRQHandler
                0x080004d0                I2C3_EV_IRQHandler
                0x080004d0                EXTI9_5_IRQHandler
                0x080004d0                RTC_WKUP_IRQHandler
                0x080004d0                PVD_PVM_IRQHandler
                0x080004d0                SPI2_IRQHandler
                0x080004d0                CAN1_TX_IRQHandler
                0x080004d0                DMA2_Channel5_IRQHandler
                0x080004d0                CRS_IRQHandler
                0x080004d0                DMA1_Channel5_IRQHandler
                0x080004d0                EXTI4_IRQHandler
                0x080004d0                TIM1_TRG_COM_TIM17_IRQHandler
                0x080004d0                DMA1_Channel3_IRQHandler
                0x080004d0                COMP_IRQHandler
                0x080004d0                WWDG_IRQHandler
                0x080004d0                I2C4_EV_IRQHandler
                0x080004d0                LPUART1_IRQHandler
                0x080004d0                DMA2_Channel6_IRQHandler
                0x080004d0                TIM2_IRQHandler
                0x080004d0                DMA2D_IRQHandler
                0x080004d0                EXTI1_IRQHandler
                0x080004d0                AES_IRQHandler
                0x080004d0                USART2_IRQHandler
                0x080004d0                DFSDM1_FLT0_IRQHandler
                0x080004d0                I2C2_ER_IRQHandler
                0x080004d0                DMA1_Channel2_IRQHandler
                0x080004d0                TIM8_BRK_IRQHandler
                0x080004d0                CAN1_SCE_IRQHandler
                0x080004d0                FLASH_IRQHandler
                0x080004d0                USART1_IRQHandler
                0x080004d0                OTG_FS_IRQHandler
                0x080004d0                SPI3_IRQHandler
                0x080004d0                I2C1_ER_IRQHandler
                0x080004d0                FMC_IRQHandler
                0x080004d0                SWPMI1_IRQHandler
                0x080004d0                LPTIM1_IRQHandler
                0x080004d0                I2C4_ER_IRQHandler
                0x080004d0                SAI1_IRQHandler
                0x080004d0                DMA2_Channel3_IRQHandler
                0x080004d0                TIM1_BRK_TIM15_IRQHandler
 .text.HAL_Init
                0x080004d2       0x30 ./Drivers/STM32L4xx_HAL_Driver/Src/stm32l4xx_hal.o
                0x080004d2                HAL_Init
 *fill*         0x08000502        0x2 
 .text.HAL_InitTick
                0x08000504       0x78 ./Drivers/STM32L4xx_HAL_Driver/Src/stm32l4xx_hal.o
                0x08000504                HAL_InitTick
 .text.HAL_IncTick
                0x0800057c       0x28 ./Drivers/STM32L4xx_HAL_Driver/Src/stm32l4xx_hal.o
                0x0800057c                HAL_IncTick
 .text.HAL_GetTick
                0x080005a4       0x18 ./Drivers/STM32L4xx_HAL_Driver/Src/stm32l4xx_hal.o
                0x080005a4                HAL_GetTick
 .text.__NVIC_SetPriorityGrouping
                0x080005bc       0x48 ./Drivers/STM32L4xx_HAL_Driver/Src/stm32l4xx_hal_cortex.o
 .text.__NVIC_GetPriorityGrouping
                0x08000604       0x1c ./Drivers/STM32L4xx_HAL_Driver/Src/stm32l4xx_hal_cortex.o
 .text.__NVIC_SetPriority
                0x08000620       0x54 ./Drivers/STM32L4xx_HAL_Driver/Src/stm32l4xx_hal_cortex.o
 .text.NVIC_EncodePriority
                0x08000674       0x66 ./Drivers/STM32L4xx_HAL_Driver/Src/stm32l4xx_hal_cortex.o
 *fill*         0x080006da        0x2 
 .text.SysTick_Config
                0x080006dc       0x44 ./Drivers/STM32L4xx_HAL_Driver/Src/stm32l4xx_hal_cortex.o
 .text.HAL_NVIC_SetPriorityGrouping
                0x08000720       0x16 ./Drivers/STM32L4xx_HAL_Driver/Src/stm32l4xx_hal_cortex.o
                0x08000720                HAL_NVIC_SetPriorityGrouping
 .text.HAL_NVIC_SetPriority
                0x08000736       0x38 ./Drivers/STM32L4xx_HAL_Driver/Src/stm32l4xx_hal_cortex.o
                0x08000736                HAL_NVIC_SetPriority
 .text.HAL_SYSTICK_Config
                0x0800076e       0x18 ./Drivers/STM32L4xx_HAL_Driver/Src/stm32l4xx_hal_cortex.o
                0x0800076e                HAL_SYSTICK_Config
 *fill*         0x08000786        0x2 
 .text.HAL_PWREx_GetVoltageRange
                0x08000788       0x1c ./Drivers/STM32L4xx_HAL_Driver/Src/stm32l4xx_hal_pwr_ex.o
                0x08000788                HAL_PWREx_GetVoltageRange
 .text.HAL_PWREx_ControlVoltageScaling
                0x080007a4       0xac ./Drivers/STM32L4xx_HAL_Driver/Src/stm32l4xx_hal_pwr_ex.o
                0x080007a4                HAL_PWREx_ControlVoltageScaling
 .text.HAL_RCC_OscConfig
                0x08000850      0x834 ./Drivers/STM32L4xx_HAL_Driver/Src/stm32l4xx_hal_rcc.o
                0x08000850                HAL_RCC_OscConfig
 .text.HAL_RCC_ClockConfig
                0x08001084      0x200 ./Drivers/STM32L4xx_HAL_Driver/Src/stm32l4xx_hal_rcc.o
                0x08001084                HAL_RCC_ClockConfig
 .text.HAL_RCC_GetSysClockFreq
                0x08001284      0x118 ./Drivers/STM32L4xx_HAL_Driver/Src/stm32l4xx_hal_rcc.o
                0x08001284                HAL_RCC_GetSysClockFreq
 .text.RCC_SetFlashLatencyFromMSIRange
                0x0800139c       0xc0 ./Drivers/STM32L4xx_HAL_Driver/Src/stm32l4xx_hal_rcc.o
 .text.memset   0x0800145c       0x10 /home/ryan/st/stm32cubeide_1.18.0/plugins/com.st.stm32cube.ide.mcu.externaltools.gnu-tools-for-stm32.13.3.rel1.linux64_1.0.0.202410170706/tools/bin/../lib/gcc/arm-none-eabi/13.3.1/../../../../arm-none-eabi/lib/thumb/v7e-m+fp/hard/libc.a(libc_a-memset.o)
                0x0800145c                memset
 .text.__libc_init_array
                0x0800146c       0x48 /home/ryan/st/stm32cubeide_1.18.0/plugins/com.st.stm32cube.ide.mcu.externaltools.gnu-tools-for-stm32.13.3.rel1.linux64_1.0.0.202410170706/tools/bin/../lib/gcc/arm-none-eabi/13.3.1/../../../../arm-none-eabi/lib/thumb/v7e-m+fp/hard/libc.a(libc_a-init.o)
                0x0800146c                __libc_init_array
 .text.__retarget_lock_acquire_recursive
                0x080014b4        0x2 /home/ryan/st/stm32cubeide_1.18.0/plugins/com.st.stm32cube.ide.mcu.externaltools.gnu-tools-for-stm32.13.3.rel1.linux64_1.0.0.202410170706/tools/bin/../lib/gcc/arm-none-eabi/13.3.1/../../../../arm-none-eabi/lib/thumb/v7e-m+fp/hard/libc.a(libc_a-lock.o)
                0x080014b4                __retarget_lock_acquire_recursive
 .text.__retarget_lock_release_recursive
                0x080014b6        0x2 /home/ryan/st/stm32cubeide_1.18.0/plugins/com.st.stm32cube.ide.mcu.externaltools.gnu-tools-for-stm32.13.3.rel1.linux64_1.0.0.202410170706/tools/bin/../lib/gcc/arm-none-eabi/13.3.1/../../../../arm-none-eabi/lib/thumb/v7e-m+fp/hard/libc.a(libc_a-lock.o)
                0x080014b6                __retarget_lock_release_recursive
 .text.startup.register_fini
                0x080014b8       0x14 /home/ryan/st/stm32cubeide_1.18.0/plugins/com.st.stm32cube.ide.mcu.externaltools.gnu-tools-for-stm32.13.3.rel1.linux64_1.0.0.202410170706/tools/bin/../lib/gcc/arm-none-eabi/13.3.1/../../../../arm-none-eabi/lib/thumb/v7e-m+fp/hard/libc.a(libc_a-__call_atexit.o)
 .text.atexit   0x080014cc        0xc /home/ryan/st/stm32cubeide_1.18.0/plugins/com.st.stm32cube.ide.mcu.externaltools.gnu-tools-for-stm32.13.3.rel1.linux64_1.0.0.202410170706/tools/bin/../lib/gcc/arm-none-eabi/13.3.1/../../../../arm-none-eabi/lib/thumb/v7e-m+fp/hard/libc.a(libc_a-atexit.o)
                0x080014cc                atexit
 .text.__libc_fini_array
                0x080014d8       0x28 /home/ryan/st/stm32cubeide_1.18.0/plugins/com.st.stm32cube.ide.mcu.externaltools.gnu-tools-for-stm32.13.3.rel1.linux64_1.0.0.202410170706/tools/bin/../lib/gcc/arm-none-eabi/13.3.1/../../../../arm-none-eabi/lib/thumb/v7e-m+fp/hard/libc.a(libc_a-fini.o)
                0x080014d8                __libc_fini_array
 .text.__register_exitproc
                0x08001500       0x80 /home/ryan/st/stm32cubeide_1.18.0/plugins/com.st.stm32cube.ide.mcu.externaltools.gnu-tools-for-stm32.13.3.rel1.linux64_1.0.0.202410170706/tools/bin/../lib/gcc/arm-none-eabi/13.3.1/../../../../arm-none-eabi/lib/thumb/v7e-m+fp/hard/libc.a(libc_a-__atexit.o)
                0x08001500                __register_exitproc
 *(.glue_7)
 .glue_7        0x08001580        0x0 linker stubs
 *(.glue_7t)
 .glue_7t       0x08001580        0x0 linker stubs
 *(.eh_frame)
 .eh_frame      0x08001580        0x0 /home/ryan/st/stm32cubeide_1.18.0/plugins/com.st.stm32cube.ide.mcu.externaltools.gnu-tools-for-stm32.13.3.rel1.linux64_1.0.0.202410170706/tools/bin/../lib/gcc/arm-none-eabi/13.3.1/thumb/v7e-m+fp/hard/crtbegin.o
 *(.init)
 .init          0x08001580        0x4 /home/ryan/st/stm32cubeide_1.18.0/plugins/com.st.stm32cube.ide.mcu.externaltools.gnu-tools-for-stm32.13.3.rel1.linux64_1.0.0.202410170706/tools/bin/../lib/gcc/arm-none-eabi/13.3.1/thumb/v7e-m+fp/hard/crti.o
                0x08001580                _init
 .init          0x08001584        0x8 /home/ryan/st/stm32cubeide_1.18.0/plugins/com.st.stm32cube.ide.mcu.externaltools.gnu-tools-for-stm32.13.3.rel1.linux64_1.0.0.202410170706/tools/bin/../lib/gcc/arm-none-eabi/13.3.1/thumb/v7e-m+fp/hard/crtn.o
 *(.fini)
 .fini          0x0800158c        0x4 /home/ryan/st/stm32cubeide_1.18.0/plugins/com.st.stm32cube.ide.mcu.externaltools.gnu-tools-for-stm32.13.3.rel1.linux64_1.0.0.202410170706/tools/bin/../lib/gcc/arm-none-eabi/13.3.1/thumb/v7e-m+fp/hard/crti.o
                0x0800158c                _fini
 .fini          0x08001590        0x8 /home/ryan/st/stm32cubeide_1.18.0/plugins/com.st.stm32cube.ide.mcu.externaltools.gnu-tools-for-stm32.13.3.rel1.linux64_1.0.0.202410170706/tools/bin/../lib/gcc/arm-none-eabi/13.3.1/thumb/v7e-m+fp/hard/crtn.o
                0x08001598                        . = ALIGN (0x4)
                0x08001598                        _etext = .

.vfp11_veneer   0x08001598        0x0
 .vfp11_veneer  0x08001598        0x0 linker stubs

.v4_bx          0x08001598        0x0
 .v4_bx         0x08001598        0x0 linker stubs

.iplt           0x08001598        0x0
 .iplt          0x08001598        0x0 /home/ryan/st/stm32cubeide_1.18.0/plugins/com.st.stm32cube.ide.mcu.externaltools.gnu-tools-for-stm32.13.3.rel1.linux64_1.0.0.202410170706/tools/bin/../lib/gcc/arm-none-eabi/13.3.1/thumb/v7e-m+fp/hard/crtbegin.o

.rodata         0x08001598       0x40
                0x08001598                        . = ALIGN (0x4)
 *(.rodata)
 *(.rodata*)
 .rodata.AHBPrescTable
                0x08001598       0x10 ./Core/Src/system_stm32l4xx.o
                0x08001598                AHBPrescTable
 .rodata.MSIRangeTable
                0x080015a8       0x30 ./Core/Src/system_stm32l4xx.o
                0x080015a8                MSIRangeTable
                0x080015d8                        . = ALIGN (0x4)

.ARM.extab      0x080015d8        0x0
                0x080015d8                        . = ALIGN (0x4)
 *(.ARM.extab* .gnu.linkonce.armextab.*)
                0x080015d8                        . = ALIGN (0x4)

.ARM            0x080015d8        0x0
                0x080015d8                        . = ALIGN (0x4)
                0x080015d8                        __exidx_start = .
 *(.ARM.exidx*)
                0x080015d8                        __exidx_end = .
                0x080015d8                        . = ALIGN (0x4)

.preinit_array  0x080015d8        0x0
                0x080015d8                        . = ALIGN (0x4)
                0x080015d8                        PROVIDE (__preinit_array_start = .)
 *(.preinit_array*)
                0x080015d8                        PROVIDE (__preinit_array_end = .)
                0x080015d8                        . = ALIGN (0x4)

.init_array     0x080015d8        0x8
                0x080015d8                        . = ALIGN (0x4)
                0x080015d8                        PROVIDE (__init_array_start = .)
 *(SORT_BY_NAME(.init_array.*))
 .init_array.00000
                0x080015d8        0x4 /home/ryan/st/stm32cubeide_1.18.0/plugins/com.st.stm32cube.ide.mcu.externaltools.gnu-tools-for-stm32.13.3.rel1.linux64_1.0.0.202410170706/tools/bin/../lib/gcc/arm-none-eabi/13.3.1/../../../../arm-none-eabi/lib/thumb/v7e-m+fp/hard/libc.a(libc_a-__call_atexit.o)
 *(.init_array*)
 .init_array    0x080015dc        0x4 /home/ryan/st/stm32cubeide_1.18.0/plugins/com.st.stm32cube.ide.mcu.externaltools.gnu-tools-for-stm32.13.3.rel1.linux64_1.0.0.202410170706/tools/bin/../lib/gcc/arm-none-eabi/13.3.1/thumb/v7e-m+fp/hard/crtbegin.o
                0x080015e0                        PROVIDE (__init_array_end = .)
                0x080015e0                        . = ALIGN (0x4)

.fini_array     0x080015e0        0x4
                0x080015e0                        . = ALIGN (0x4)
                0x080015e0                        PROVIDE (__fini_array_start = .)
 *(SORT_BY_NAME(.fini_array.*))
 *(.fini_array*)
 .fini_array    0x080015e0        0x4 /home/ryan/st/stm32cubeide_1.18.0/plugins/com.st.stm32cube.ide.mcu.externaltools.gnu-tools-for-stm32.13.3.rel1.linux64_1.0.0.202410170706/tools/bin/../lib/gcc/arm-none-eabi/13.3.1/thumb/v7e-m+fp/hard/crtbegin.o
                0x080015e4                        PROVIDE (__fini_array_end = .)
                0x080015e4                        . = ALIGN (0x4)
                0x080015e4                        _sidata = LOADADDR (.data)

.rel.dyn        0x080015e4        0x0
 .rel.iplt      0x080015e4        0x0 /home/ryan/st/stm32cubeide_1.18.0/plugins/com.st.stm32cube.ide.mcu.externaltools.gnu-tools-for-stm32.13.3.rel1.linux64_1.0.0.202410170706/tools/bin/../lib/gcc/arm-none-eabi/13.3.1/thumb/v7e-m+fp/hard/crtbegin.o

.data           0x20000000       0x10 load address 0x080015e4
                0x20000000                        . = ALIGN (0x4)
                0x20000000                        _sdata = .
 *(.data)
 *(.data*)
 .data.SystemCoreClock
                0x20000000        0x4 ./Core/Src/system_stm32l4xx.o
                0x20000000                SystemCoreClock
 .data.uwTickPrio
                0x20000004        0x4 ./Drivers/STM32L4xx_HAL_Driver/Src/stm32l4xx_hal.o
                0x20000004                uwTickPrio
 .data.uwTickFreq
                0x20000008        0x1 ./Drivers/STM32L4xx_HAL_Driver/Src/stm32l4xx_hal.o
                0x20000008                uwTickFreq
 *fill*         0x20000009        0x3 
 .data.__atexit_recursive_mutex
                0x2000000c        0x4 /home/ryan/st/stm32cubeide_1.18.0/plugins/com.st.stm32cube.ide.mcu.externaltools.gnu-tools-for-stm32.13.3.rel1.linux64_1.0.0.202410170706/tools/bin/../lib/gcc/arm-none-eabi/13.3.1/../../../../arm-none-eabi/lib/thumb/v7e-m+fp/hard/libc.a(libc_a-__call_atexit.o)
                0x2000000c                __atexit_recursive_mutex
 *(.RamFunc)
 *(.RamFunc*)
                0x20000010                        . = ALIGN (0x4)
                0x20000010                        _edata = .

.igot.plt       0x20000010        0x0 load address 0x080015f4
 .igot.plt      0x20000010        0x0 /home/ryan/st/stm32cubeide_1.18.0/plugins/com.st.stm32cube.ide.mcu.externaltools.gnu-tools-for-stm32.13.3.rel1.linux64_1.0.0.202410170706/tools/bin/../lib/gcc/arm-none-eabi/13.3.1/thumb/v7e-m+fp/hard/crtbegin.o
                0x20000010                        . = ALIGN (0x4)

.bss            0x20000010      0x1b8 load address 0x080015f4
                0x20000010                        _sbss = .
                0x20000010                        __bss_start__ = _sbss
 *(.bss)
 .bss           0x20000010       0x1c /home/ryan/st/stm32cubeide_1.18.0/plugins/com.st.stm32cube.ide.mcu.externaltools.gnu-tools-for-stm32.13.3.rel1.linux64_1.0.0.202410170706/tools/bin/../lib/gcc/arm-none-eabi/13.3.1/thumb/v7e-m+fp/hard/crtbegin.o
 *(.bss*)
 .bss.uwTick    0x2000002c        0x4 ./Drivers/STM32L4xx_HAL_Driver/Src/stm32l4xx_hal.o
                0x2000002c                uwTick
 .bss.__lock___atexit_recursive_mutex
                0x20000030        0x1 /home/ryan/st/stm32cubeide_1.18.0/plugins/com.st.stm32cube.ide.mcu.externaltools.gnu-tools-for-stm32.13.3.rel1.linux64_1.0.0.202410170706/tools/bin/../lib/gcc/arm-none-eabi/13.3.1/../../../../arm-none-eabi/lib/thumb/v7e-m+fp/hard/libc.a(libc_a-lock.o)
                0x20000030                __lock___atexit_recursive_mutex
 *fill*         0x20000031        0x3 
 .bss.__atexit  0x20000034        0x4 /home/ryan/st/stm32cubeide_1.18.0/plugins/com.st.stm32cube.ide.mcu.externaltools.gnu-tools-for-stm32.13.3.rel1.linux64_1.0.0.202410170706/tools/bin/../lib/gcc/arm-none-eabi/13.3.1/../../../../arm-none-eabi/lib/thumb/v7e-m+fp/hard/libc.a(libc_a-__call_atexit.o)
                0x20000034                __atexit
 .bss.__atexit0
                0x20000038      0x190 /home/ryan/st/stm32cubeide_1.18.0/plugins/com.st.stm32cube.ide.mcu.externaltools.gnu-tools-for-stm32.13.3.rel1.linux64_1.0.0.202410170706/tools/bin/../lib/gcc/arm-none-eabi/13.3.1/../../../../arm-none-eabi/lib/thumb/v7e-m+fp/hard/libc.a(libc_a-__atexit.o)
                0x20000038                __atexit0
 *(COMMON)
                0x200001c8                        . = ALIGN (0x4)
                0x200001c8                        _ebss = .
                0x200001c8                        __bss_end__ = _ebss

._user_heap_stack
                0x200001c8      0x600 load address 0x080015f4
                0x200001c8                        . = ALIGN (0x8)
                0x200001c8                        PROVIDE (end = .)
                [!provide]                        PROVIDE (_end = .)
                0x200003c8                        . = (. + _Min_Heap_Size)
 *fill*         0x200001c8      0x200 
                0x200007c8                        . = (. + _Min_Stack_Size)
 *fill*         0x200003c8      0x400 
                0x200007c8                        . = ALIGN (0x8)

/DISCARD/
 libc.a(*)
 libm.a(*)
 libgcc.a(*)

.ARM.attributes
                0x00000000       0x30
 *(.ARM.attributes)
 .ARM.attributes
                0x00000000       0x22 /home/ryan/st/stm32cubeide_1.18.0/plugins/com.st.stm32cube.ide.mcu.externaltools.gnu-tools-for-stm32.13.3.rel1.linux64_1.0.0.202410170706/tools/bin/../lib/gcc/arm-none-eabi/13.3.1/thumb/v7e-m+fp/hard/crti.o
 .ARM.attributes
                0x00000022       0x34 /home/ryan/st/stm32cubeide_1.18.0/plugins/com.st.stm32cube.ide.mcu.externaltools.gnu-tools-for-stm32.13.3.rel1.linux64_1.0.0.202410170706/tools/bin/../lib/gcc/arm-none-eabi/13.3.1/thumb/v7e-m+fp/hard/crtbegin.o
 .ARM.attributes
                0x00000056       0x34 ./Core/Src/main.o
 .ARM.attributes
                0x0000008a       0x34 ./Core/Src/stm32l4xx_hal_msp.o
 .ARM.attributes
                0x000000be       0x34 ./Core/Src/stm32l4xx_it.o
 .ARM.attributes
                0x000000f2       0x34 ./Core/Src/system_stm32l4xx.o
 .ARM.attributes
                0x00000126       0x21 ./Core/Startup/startup_stm32l4a6zgtx.o
 .ARM.attributes
                0x00000147       0x34 ./Drivers/STM32L4xx_HAL_Driver/Src/stm32l4xx_hal.o
 .ARM.attributes
                0x0000017b       0x34 ./Drivers/STM32L4xx_HAL_Driver/Src/stm32l4xx_hal_cortex.o
 .ARM.attributes
                0x000001af       0x34 ./Drivers/STM32L4xx_HAL_Driver/Src/stm32l4xx_hal_pwr_ex.o
 .ARM.attributes
                0x000001e3       0x34 ./Drivers/STM32L4xx_HAL_Driver/Src/stm32l4xx_hal_rcc.o
 .ARM.attributes
                0x00000217       0x34 /home/ryan/st/stm32cubeide_1.18.0/plugins/com.st.stm32cube.ide.mcu.externaltools.gnu-tools-for-stm32.13.3.rel1.linux64_1.0.0.202410170706/tools/bin/../lib/gcc/arm-none-eabi/13.3.1/../../../../arm-none-eabi/lib/thumb/v7e-m+fp/hard/libc.a(libc_a-memset.o)
 .ARM.attributes
                0x0000024b       0x34 /home/ryan/st/stm32cubeide_1.18.0/plugins/com.st.stm32cube.ide.mcu.externaltools.gnu-tools-for-stm32.13.3.rel1.linux64_1.0.0.202410170706/tools/bin/../lib/gcc/arm-none-eabi/13.3.1/../../../../arm-none-eabi/lib/thumb/v7e-m+fp/hard/libc.a(libc_a-init.o)
 .ARM.attributes
                0x0000027f       0x34 /home/ryan/st/stm32cubeide_1.18.0/plugins/com.st.stm32cube.ide.mcu.externaltools.gnu-tools-for-stm32.13.3.rel1.linux64_1.0.0.202410170706/tools/bin/../lib/gcc/arm-none-eabi/13.3.1/../../../../arm-none-eabi/lib/thumb/v7e-m+fp/hard/libc.a(libc_a-lock.o)
 .ARM.attributes
                0x000002b3       0x34 /home/ryan/st/stm32cubeide_1.18.0/plugins/com.st.stm32cube.ide.mcu.externaltools.gnu-tools-for-stm32.13.3.rel1.linux64_1.0.0.202410170706/tools/bin/../lib/gcc/arm-none-eabi/13.3.1/../../../../arm-none-eabi/lib/thumb/v7e-m+fp/hard/libc.a(libc_a-__call_atexit.o)
 .ARM.attributes
                0x000002e7       0x34 /home/ryan/st/stm32cubeide_1.18.0/plugins/com.st.stm32cube.ide.mcu.externaltools.gnu-tools-for-stm32.13.3.rel1.linux64_1.0.0.202410170706/tools/bin/../lib/gcc/arm-none-eabi/13.3.1/../../../../arm-none-eabi/lib/thumb/v7e-m+fp/hard/libc.a(libc_a-atexit.o)
 .ARM.attributes
                0x0000031b       0x34 /home/ryan/st/stm32cubeide_1.18.0/plugins/com.st.stm32cube.ide.mcu.externaltools.gnu-tools-for-stm32.13.3.rel1.linux64_1.0.0.202410170706/tools/bin/../lib/gcc/arm-none-eabi/13.3.1/../../../../arm-none-eabi/lib/thumb/v7e-m+fp/hard/libc.a(libc_a-fini.o)
 .ARM.attributes
                0x0000034f       0x34 /home/ryan/st/stm32cubeide_1.18.0/plugins/com.st.stm32cube.ide.mcu.externaltools.gnu-tools-for-stm32.13.3.rel1.linux64_1.0.0.202410170706/tools/bin/../lib/gcc/arm-none-eabi/13.3.1/../../../../arm-none-eabi/lib/thumb/v7e-m+fp/hard/libc.a(libc_a-__atexit.o)
 .ARM.attributes
                0x00000383       0x22 /home/ryan/st/stm32cubeide_1.18.0/plugins/com.st.stm32cube.ide.mcu.externaltools.gnu-tools-for-stm32.13.3.rel1.linux64_1.0.0.202410170706/tools/bin/../lib/gcc/arm-none-eabi/13.3.1/thumb/v7e-m+fp/hard/crtn.o
OUTPUT(bootloaderfinal.elf elf32-littlearm)
LOAD linker stubs
LOAD /home/ryan/st/stm32cubeide_1.18.0/plugins/com.st.stm32cube.ide.mcu.externaltools.gnu-tools-for-stm32.13.3.rel1.linux64_1.0.0.202410170706/tools/bin/../lib/gcc/arm-none-eabi/13.3.1/../../../../arm-none-eabi/lib/thumb/v7e-m+fp/hard/libc.a
LOAD /home/ryan/st/stm32cubeide_1.18.0/plugins/com.st.stm32cube.ide.mcu.externaltools.gnu-tools-for-stm32.13.3.rel1.linux64_1.0.0.202410170706/tools/bin/../lib/gcc/arm-none-eabi/13.3.1/../../../../arm-none-eabi/lib/thumb/v7e-m+fp/hard/libm.a
LOAD /home/ryan/st/stm32cubeide_1.18.0/plugins/com.st.stm32cube.ide.mcu.externaltools.gnu-tools-for-stm32.13.3.rel1.linux64_1.0.0.202410170706/tools/bin/../lib/gcc/arm-none-eabi/13.3.1/thumb/v7e-m+fp/hard/libgcc.a

.debug_info     0x00000000     0x4c00
 .debug_info    0x00000000      0x6e2 ./Core/Src/main.o
 .debug_info    0x000006e2      0xf2f ./Core/Src/stm32l4xx_hal_msp.o
 .debug_info    0x00001611      0x113 ./Core/Src/stm32l4xx_it.o
 .debug_info    0x00001724      0x5cd ./Core/Src/system_stm32l4xx.o
 .debug_info    0x00001cf1       0x30 ./Core/Startup/startup_stm32l4a6zgtx.o
 .debug_info    0x00001d21      0xb51 ./Drivers/STM32L4xx_HAL_Driver/Src/stm32l4xx_hal.o
 .debug_info    0x00002872      0xdbd ./Drivers/STM32L4xx_HAL_Driver/Src/stm32l4xx_hal_cortex.o
 .debug_info    0x0000362f      0x996 ./Drivers/STM32L4xx_HAL_Driver/Src/stm32l4xx_hal_pwr_ex.o
 .debug_info    0x00003fc5      0xc3b ./Drivers/STM32L4xx_HAL_Driver/Src/stm32l4xx_hal_rcc.o

.debug_abbrev   0x00000000      0xfec
 .debug_abbrev  0x00000000      0x217 ./Core/Src/main.o
 .debug_abbrev  0x00000217      0x202 ./Core/Src/stm32l4xx_hal_msp.o
 .debug_abbrev  0x00000419       0x73 ./Core/Src/stm32l4xx_it.o
 .debug_abbrev  0x0000048c      0x11a ./Core/Src/system_stm32l4xx.o
 .debug_abbrev  0x000005a6       0x24 ./Core/Startup/startup_stm32l4a6zgtx.o
 .debug_abbrev  0x000005ca      0x242 ./Drivers/STM32L4xx_HAL_Driver/Src/stm32l4xx_hal.o
 .debug_abbrev  0x0000080c      0x31c ./Drivers/STM32L4xx_HAL_Driver/Src/stm32l4xx_hal_cortex.o
 .debug_abbrev  0x00000b28      0x1f9 ./Drivers/STM32L4xx_HAL_Driver/Src/stm32l4xx_hal_pwr_ex.o
 .debug_abbrev  0x00000d21      0x2cb ./Drivers/STM32L4xx_HAL_Driver/Src/stm32l4xx_hal_rcc.o

.debug_aranges  0x00000000      0x570
 .debug_aranges
                0x00000000       0x48 ./Core/Src/main.o
 .debug_aranges
                0x00000048       0x40 ./Core/Src/stm32l4xx_hal_msp.o
 .debug_aranges
                0x00000088       0x60 ./Core/Src/stm32l4xx_it.o
 .debug_aranges
                0x000000e8       0x28 ./Core/Src/system_stm32l4xx.o
 .debug_aranges
                0x00000110       0x28 ./Core/Startup/startup_stm32l4a6zgtx.o
 .debug_aranges
                0x00000138      0x130 ./Drivers/STM32L4xx_HAL_Driver/Src/stm32l4xx_hal.o
 .debug_aranges
                0x00000268      0x128 ./Drivers/STM32L4xx_HAL_Driver/Src/stm32l4xx_hal_cortex.o
 .debug_aranges
                0x00000390      0x150 ./Drivers/STM32L4xx_HAL_Driver/Src/stm32l4xx_hal_pwr_ex.o
 .debug_aranges
                0x000004e0       0x90 ./Drivers/STM32L4xx_HAL_Driver/Src/stm32l4xx_hal_rcc.o

.debug_rnglists
                0x00000000      0x3f8
 .debug_rnglists
                0x00000000       0x33 ./Core/Src/main.o
 .debug_rnglists
                0x00000033       0x2c ./Core/Src/stm32l4xx_hal_msp.o
 .debug_rnglists
                0x0000005f       0x43 ./Core/Src/stm32l4xx_it.o
 .debug_rnglists
                0x000000a2       0x1a ./Core/Src/system_stm32l4xx.o
 .debug_rnglists
                0x000000bc       0x19 ./Core/Startup/startup_stm32l4a6zgtx.o
 .debug_rnglists
                0x000000d5       0xdf ./Drivers/STM32L4xx_HAL_Driver/Src/stm32l4xx_hal.o
 .debug_rnglists
                0x000001b4       0xda ./Drivers/STM32L4xx_HAL_Driver/Src/stm32l4xx_hal_cortex.o
 .debug_rnglists
                0x0000028e       0xfd ./Drivers/STM32L4xx_HAL_Driver/Src/stm32l4xx_hal_pwr_ex.o
 .debug_rnglists
                0x0000038b       0x6d ./Drivers/STM32L4xx_HAL_Driver/Src/stm32l4xx_hal_rcc.o

.debug_macro    0x00000000    0x28070
 .debug_macro   0x00000000      0x289 ./Core/Src/main.o
 .debug_macro   0x00000289      0xad8 ./Core/Src/main.o
 .debug_macro   0x00000d61      0x1a7 ./Core/Src/main.o
 .debug_macro   0x00000f08       0x2e ./Core/Src/main.o
 .debug_macro   0x00000f36       0x28 ./Core/Src/main.o
 .debug_macro   0x00000f5e       0x22 ./Core/Src/main.o
 .debug_macro   0x00000f80       0x8e ./Core/Src/main.o
 .debug_macro   0x0000100e       0x51 ./Core/Src/main.o
 .debug_macro   0x0000105f      0x103 ./Core/Src/main.o
 .debug_macro   0x00001162       0x6a ./Core/Src/main.o
 .debug_macro   0x000011cc      0x1df ./Core/Src/main.o
 .debug_macro   0x000013ab       0x1c ./Core/Src/main.o
 .debug_macro   0x000013c7       0x22 ./Core/Src/main.o
 .debug_macro   0x000013e9       0xfb ./Core/Src/main.o
 .debug_macro   0x000014e4     0x1011 ./Core/Src/main.o
 .debug_macro   0x000024f5      0x11f ./Core/Src/main.o
 .debug_macro   0x00002614    0x1c8c1 ./Core/Src/main.o
 .debug_macro   0x0001eed5       0x6d ./Core/Src/main.o
 .debug_macro   0x0001ef42     0x38fb ./Core/Src/main.o
 .debug_macro   0x0002283d      0x190 ./Core/Src/main.o
 .debug_macro   0x000229cd       0x5c ./Core/Src/main.o
 .debug_macro   0x00022a29     0x1909 ./Core/Src/main.o
 .debug_macro   0x00024332      0x773 ./Core/Src/main.o
 .debug_macro   0x00024aa5      0x1b9 ./Core/Src/main.o
 .debug_macro   0x00024c5e      0x202 ./Core/Src/main.o
 .debug_macro   0x00024e60      0x26b ./Core/Src/main.o
 .debug_macro   0x000250cb      0x23d ./Core/Src/main.o
 .debug_macro   0x00025308       0xc7 ./Core/Src/main.o
 .debug_macro   0x000253cf       0x4c ./Core/Src/main.o
 .debug_macro   0x0002541b      0x241 ./Core/Src/main.o
 .debug_macro   0x0002565c      0x3ad ./Core/Src/main.o
 .debug_macro   0x00025a09       0xe4 ./Core/Src/main.o
 .debug_macro   0x00025aed      0x122 ./Core/Src/main.o
 .debug_macro   0x00025c0f      0x3ef ./Core/Src/main.o
 .debug_macro   0x00025ffe      0x5cf ./Core/Src/main.o
 .debug_macro   0x000265cd       0x44 ./Core/Src/main.o
 .debug_macro   0x00026611      0x433 ./Core/Src/main.o
 .debug_macro   0x00026a44       0x10 ./Core/Src/main.o
 .debug_macro   0x00026a54       0x74 ./Core/Src/main.o
 .debug_macro   0x00026ac8       0x2a ./Core/Src/main.o
 .debug_macro   0x00026af2       0x3c ./Core/Src/main.o
 .debug_macro   0x00026b2e       0x34 ./Core/Src/main.o
 .debug_macro   0x00026b62      0x370 ./Core/Src/main.o
 .debug_macro   0x00026ed2       0x16 ./Core/Src/main.o
 .debug_macro   0x00026ee8       0x4a ./Core/Src/main.o
 .debug_macro   0x00026f32       0x34 ./Core/Src/main.o
 .debug_macro   0x00026f66       0x10 ./Core/Src/main.o
 .debug_macro   0x00026f76       0x58 ./Core/Src/main.o
 .debug_macro   0x00026fce      0x1e5 ./Core/Src/main.o
 .debug_macro   0x000271b3      0x19b ./Core/Src/main.o
 .debug_macro   0x0002734e      0x1cf ./Core/Src/stm32l4xx_hal_msp.o
 .debug_macro   0x0002751d      0x1d9 ./Core/Src/stm32l4xx_it.o
 .debug_macro   0x000276f6      0x1c0 ./Core/Src/system_stm32l4xx.o
 .debug_macro   0x000278b6      0x20e ./Drivers/STM32L4xx_HAL_Driver/Src/stm32l4xx_hal.o
 .debug_macro   0x00027ac4      0x1c0 ./Drivers/STM32L4xx_HAL_Driver/Src/stm32l4xx_hal_cortex.o
 .debug_macro   0x00027c84      0x1ea ./Drivers/STM32L4xx_HAL_Driver/Src/stm32l4xx_hal_pwr_ex.o
 .debug_macro   0x00027e6e      0x202 ./Drivers/STM32L4xx_HAL_Driver/Src/stm32l4xx_hal_rcc.o

.debug_line     0x00000000     0x532c
 .debug_line    0x00000000      0x92e ./Core/Src/main.o
 .debug_line    0x0000092e      0x743 ./Core/Src/stm32l4xx_hal_msp.o
 .debug_line    0x00001071      0x753 ./Core/Src/stm32l4xx_it.o
 .debug_line    0x000017c4      0x742 ./Core/Src/system_stm32l4xx.o
 .debug_line    0x00001f06       0x7a ./Core/Startup/startup_stm32l4a6zgtx.o
 .debug_line    0x00001f80      0xaaa ./Drivers/STM32L4xx_HAL_Driver/Src/stm32l4xx_hal.o
 .debug_line    0x00002a2a      0xc45 ./Drivers/STM32L4xx_HAL_Driver/Src/stm32l4xx_hal_cortex.o
 .debug_line    0x0000366f      0xc66 ./Drivers/STM32L4xx_HAL_Driver/Src/stm32l4xx_hal_pwr_ex.o
 .debug_line    0x000042d5     0x1057 ./Drivers/STM32L4xx_HAL_Driver/Src/stm32l4xx_hal_rcc.o

.debug_str      0x00000000    0xf735e
 .debug_str     0x00000000    0xf735e ./Core/Src/main.o
                              0xf544b (size before relaxing)
 .debug_str     0x000f735e    0xf2742 ./Core/Src/stm32l4xx_hal_msp.o
 .debug_str     0x000f735e    0xf1d0d ./Core/Src/stm32l4xx_it.o
 .debug_str     0x000f735e    0xf1e7a ./Core/Src/system_stm32l4xx.o
 .debug_str     0x000f735e       0x83 ./Core/Startup/startup_stm32l4a6zgtx.o
 .debug_str     0x000f735e    0xf2a90 ./Drivers/STM32L4xx_HAL_Driver/Src/stm32l4xx_hal.o
 .debug_str     0x000f735e    0xf2763 ./Drivers/STM32L4xx_HAL_Driver/Src/stm32l4xx_hal_cortex.o
 .debug_str     0x000f735e    0xf23c9 ./Drivers/STM32L4xx_HAL_Driver/Src/stm32l4xx_hal_pwr_ex.o
 .debug_str     0x000f735e    0xf24c7 ./Drivers/STM32L4xx_HAL_Driver/Src/stm32l4xx_hal_rcc.o

.comment        0x00000000       0x43
 .comment       0x00000000       0x43 ./Core/Src/main.o
                                 0x44 (size before relaxing)
 .comment       0x00000043       0x44 ./Core/Src/stm32l4xx_hal_msp.o
 .comment       0x00000043       0x44 ./Core/Src/stm32l4xx_it.o
 .comment       0x00000043       0x44 ./Core/Src/system_stm32l4xx.o
 .comment       0x00000043       0x44 ./Drivers/STM32L4xx_HAL_Driver/Src/stm32l4xx_hal.o
 .comment       0x00000043       0x44 ./Drivers/STM32L4xx_HAL_Driver/Src/stm32l4xx_hal_cortex.o
 .comment       0x00000043       0x44 ./Drivers/STM32L4xx_HAL_Driver/Src/stm32l4xx_hal_pwr_ex.o
 .comment       0x00000043       0x44 ./Drivers/STM32L4xx_HAL_Driver/Src/stm32l4xx_hal_rcc.o

.debug_frame    0x00000000     0x15d4
 .debug_frame   0x00000000       0xe4 ./Core/Src/main.o
 .debug_frame   0x000000e4       0xd4 ./Core/Src/stm32l4xx_hal_msp.o
 .debug_frame   0x000001b8      0x104 ./Core/Src/stm32l4xx_it.o
 .debug_frame   0x000002bc       0x58 ./Core/Src/system_stm32l4xx.o
 .debug_frame   0x00000314      0x498 ./Drivers/STM32L4xx_HAL_Driver/Src/stm32l4xx_hal.o
 .debug_frame   0x000007ac      0x4e8 ./Drivers/STM32L4xx_HAL_Driver/Src/stm32l4xx_hal_cortex.o
 .debug_frame   0x00000c94      0x544 ./Drivers/STM32L4xx_HAL_Driver/Src/stm32l4xx_hal_pwr_ex.o
 .debug_frame   0x000011d8      0x21c ./Drivers/STM32L4xx_HAL_Driver/Src/stm32l4xx_hal_rcc.o
 .debug_frame   0x000013f4       0x20 /home/ryan/st/stm32cubeide_1.18.0/plugins/com.st.stm32cube.ide.mcu.externaltools.gnu-tools-for-stm32.13.3.rel1.linux64_1.0.0.202410170706/tools/bin/../lib/gcc/arm-none-eabi/13.3.1/../../../../arm-none-eabi/lib/thumb/v7e-m+fp/hard/libc.a(libc_a-memset.o)
 .debug_frame   0x00001414       0x2c /home/ryan/st/stm32cubeide_1.18.0/plugins/com.st.stm32cube.ide.mcu.externaltools.gnu-tools-for-stm32.13.3.rel1.linux64_1.0.0.202410170706/tools/bin/../lib/gcc/arm-none-eabi/13.3.1/../../../../arm-none-eabi/lib/thumb/v7e-m+fp/hard/libc.a(libc_a-init.o)
 .debug_frame   0x00001440       0xb0 /home/ryan/st/stm32cubeide_1.18.0/plugins/com.st.stm32cube.ide.mcu.externaltools.gnu-tools-for-stm32.13.3.rel1.linux64_1.0.0.202410170706/tools/bin/../lib/gcc/arm-none-eabi/13.3.1/../../../../arm-none-eabi/lib/thumb/v7e-m+fp/hard/libc.a(libc_a-lock.o)
 .debug_frame   0x000014f0       0x58 /home/ryan/st/stm32cubeide_1.18.0/plugins/com.st.stm32cube.ide.mcu.externaltools.gnu-tools-for-stm32.13.3.rel1.linux64_1.0.0.202410170706/tools/bin/../lib/gcc/arm-none-eabi/13.3.1/../../../../arm-none-eabi/lib/thumb/v7e-m+fp/hard/libc.a(libc_a-__call_atexit.o)
 .debug_frame   0x00001548       0x20 /home/ryan/st/stm32cubeide_1.18.0/plugins/com.st.stm32cube.ide.mcu.externaltools.gnu-tools-for-stm32.13.3.rel1.linux64_1.0.0.202410170706/tools/bin/../lib/gcc/arm-none-eabi/13.3.1/../../../../arm-none-eabi/lib/thumb/v7e-m+fp/hard/libc.a(libc_a-atexit.o)
 .debug_frame   0x00001568       0x38 /home/ryan/st/stm32cubeide_1.18.0/plugins/com.st.stm32cube.ide.mcu.externaltools.gnu-tools-for-stm32.13.3.rel1.linux64_1.0.0.202410170706/tools/bin/../lib/gcc/arm-none-eabi/13.3.1/../../../../arm-none-eabi/lib/thumb/v7e-m+fp/hard/libc.a(libc_a-fini.o)
 .debug_frame   0x000015a0       0x34 /home/ryan/st/stm32cubeide_1.18.0/plugins/com.st.stm32cube.ide.mcu.externaltools.gnu-tools-for-stm32.13.3.rel1.linux64_1.0.0.202410170706/tools/bin/../lib/gcc/arm-none-eabi/13.3.1/../../../../arm-none-eabi/lib/thumb/v7e-m+fp/hard/libc.a(libc_a-__atexit.o)

.debug_line_str
                0x00000000       0x67
 .debug_line_str
                0x00000000       0x67 ./Core/Startup/startup_stm32l4a6zgtx.o
